 TCosmos3DualAuto_Vision

 Timestamp is 5177719e (Wed Apr 24 14:46:06 2013)

 Preferred load address is 00400000

 Start         Length     Name                   Class
 0001:00000000 000756e0H .text                   CODE
 0001:000756e0 000061efH .text$x                 CODE
 0001:0007b8cf 00042401H .textbss                CODE
 0002:00000000 00006df6H .rdata                  DATA
 0002:00006df8 000001ebH .rdata$r                DATA
 0002:00006fe8 00005250H .xdata$x                DATA
 0002:0000c240 00000654H .edata                  DATA
 0003:00000000 00000104H .CRT$XCA                DATA
 0003:00000104 00000109H .CRT$XCL                DATA
 0003:00000210 00000104H .CRT$XCU                DATA
 0003:00000314 00000104H .CRT$XCZ                DATA
 0003:00000418 00000104H .CRT$XIA                DATA
 0003:0000051c 00000104H .CRT$XIZ                DATA
 0003:00000620 0000151fH .data                   DATA
 0003:00001b40 000018f4H .bss                    DATA
 0004:00000000 00000140H .idata$2                DATA
 0004:00000140 00000014H .idata$3                DATA
 0004:00000154 00000f38H .idata$4                DATA
 0004:0000108c 00000f38H .idata$5                DATA
 0004:00001fc4 000011a1H .idata$6                DATA
 0005:00000000 0000308cH .rsrc$01                DATA
 0005:00003090 000d0219H .rsrc$02                DATA

  Address         Publics by Value              Rva+Base     Lib:Object

 0001:000034b0       ??0CDialogMessage@@QAE@PAVCWnd@@@Z 004044b0 f   DialogMessage.obj
 0001:000035e0       ??_GCDialogMessage@@UAEPAXI@Z 004045e0 f i DialogMessage.obj
 0001:000035e0       ??_ECDialogMessage@@UAEPAXI@Z 004045e0 f i DialogMessage.obj
 0001:00003650       ??1CDialogMessage@@UAE@XZ  00404650 f i DialogMessage.obj
 0001:000036a0       ?DoDataExchange@CDialogMessage@@MAEXPAVCDataExchange@@@Z 004046a0 f   DialogMessage.obj
 0001:000036f0       ?_GetBaseMessageMap@CDialogMessage@@KGPBUAFX_MSGMAP@@XZ 004046f0 f   DialogMessage.obj
 0001:00003720       ?GetMessageMap@CDialogMessage@@MBEPBUAFX_MSGMAP@@XZ 00404720 f   DialogMessage.obj
 0001:00003760       ?PreTranslateMessage@CDialogMessage@@UAEHPAUtagMSG@@@Z 00404760 f   DialogMessage.obj
 0001:000037e0       ?OnDestroy@CDialogMessage@@IAEXXZ 004047e0 f   DialogMessage.obj
 0001:00003930       ??_GCBmpRgn@@QAEPAXI@Z     00404930 f i DialogMessage.obj
 0001:000039a0       ??1CBmpRgn@@QAE@XZ         004049a0 f i DialogMessage.obj
 0001:00003a00       ?OnInitDialog@CDialogMessage@@MAEHXZ 00404a00 f   DialogMessage.obj
 0001:00003fb0       ??0CBmpRgn@@QAE@XZ         00404fb0 f i DialogMessage.obj
 0001:00003ff0       ?SetParentWindow@CBmpRgn@@QAEXPAVCWnd@@@Z 00404ff0 f i DialogMessage.obj
 0001:00004030       ?BuildRegion@CBmpRgn@@QAEPAUHRGN__@@PBDK@Z 00405030 f i DialogMessage.obj
 0001:00004120       ?GetBitmap@CBmpRgn@@QAEPAUHBITMAP__@@XZ 00405120 f i DialogMessage.obj
 0001:00004160       ?GetBitmapWidth@CBmpRgn@@QAEJXZ 00405160 f i DialogMessage.obj
 0001:000041a0       ?GetBitmapHeight@CBmpRgn@@QAEJXZ 004051a0 f i DialogMessage.obj
 0001:000041e0       ?BitmapToRegion@CBmpRgn@@IAEPAUHRGN__@@PAUHBITMAP__@@KK@Z 004051e0 f i DialogMessage.obj
 0001:00004c80       ?OnPaint@CDialogMessage@@IAEXXZ 00405c80 f   DialogMessage.obj
 0001:00004d30       ?SetMessage@CDialogMessage@@QAEXPADH@Z 00405d30 f   DialogMessage.obj
 0001:00004db0       ?DrawMessage@CDialogMessage@@QAEXXZ 00405db0 f   DialogMessage.obj
 0001:00004e60       ?_GetBaseMessageMap@CHVSystemApp@@KGPBUAFX_MSGMAP@@XZ 00405e60 f   HVSystem.obj
 0001:00004e90       ?GetMessageMap@CHVSystemApp@@MBEPBUAFX_MSGMAP@@XZ 00405e90 f   HVSystem.obj
 0001:00004ed0       ??0CHVSystemApp@@QAE@XZ    00405ed0 f   HVSystem.obj
 0001:00004f40       ??_ECHVSystemApp@@UAEPAXI@Z 00405f40 f i HVSystem.obj
 0001:00004f40       ??_GCHVSystemApp@@UAEPAXI@Z 00405f40 f i HVSystem.obj
 0001:00004fb0       ??1CHVSystemApp@@UAE@XZ    00405fb0 f i HVSystem.obj
 0001:00005110       ?InitInstance@CHVSystemApp@@UAEHXZ 00406110 f   HVSystem.obj
 0001:000052d0       ??0CAboutDlg@@QAE@XZ       004062d0 f   HVSystem.obj
 0001:00005330       ??_ECAboutDlg@@UAEPAXI@Z   00406330 f i HVSystem.obj
 0001:00005330       ??_GCAboutDlg@@UAEPAXI@Z   00406330 f i HVSystem.obj
 0001:000053a0       ??1CAboutDlg@@UAE@XZ       004063a0 f i HVSystem.obj
 0001:000053f0       ?DoDataExchange@CAboutDlg@@MAEXPAVCDataExchange@@@Z 004063f0 f   HVSystem.obj
 0001:00005440       ?_GetBaseMessageMap@CAboutDlg@@KGPBUAFX_MSGMAP@@XZ 00406440 f   HVSystem.obj
 0001:00005470       ?GetMessageMap@CAboutDlg@@MBEPBUAFX_MSGMAP@@XZ 00406470 f   HVSystem.obj
 0001:000054b0       ?OnAppAbout@CHVSystemApp@@QAEXXZ 004064b0 f   HVSystem.obj
 0001:00005550       ?PreTranslateMessage@CHVSystemApp@@UAEHPAUtagMSG@@@Z 00406550 f   HVSystem.obj
 0001:00005720       ?CreateObject@CHVSystemDoc@@SGPAVCObject@@XZ 00406720 f   HVSystemDoc.obj
 0001:000057d0       ?_GetBaseClass@CHVSystemDoc@@KGPAUCRuntimeClass@@XZ 004067d0 f   HVSystemDoc.obj
 0001:00005800       ?GetRuntimeClass@CHVSystemDoc@@UBEPAUCRuntimeClass@@XZ 00406800 f   HVSystemDoc.obj
 0001:00005840       ?_GetBaseMessageMap@CHVSystemDoc@@KGPBUAFX_MSGMAP@@XZ 00406840 f   HVSystemDoc.obj
 0001:00005870       ?GetMessageMap@CHVSystemDoc@@MBEPBUAFX_MSGMAP@@XZ 00406870 f   HVSystemDoc.obj
 0001:000058b0       ??0CHVSystemDoc@@IAE@XZ    004068b0 f   HVSystemDoc.obj
 0001:00005910       ??_GCHVSystemDoc@@UAEPAXI@Z 00406910 f i HVSystemDoc.obj
 0001:00005910       ??_ECHVSystemDoc@@UAEPAXI@Z 00406910 f i HVSystemDoc.obj
 0001:00005980       ??1CHVSystemDoc@@UAE@XZ    00406980 f   HVSystemDoc.obj
 0001:000059d0       ?OnNewDocument@CHVSystemDoc@@UAEHXZ 004069d0 f   HVSystemDoc.obj
 0001:00005a30       ?Serialize@CHVSystemDoc@@UAEXAAVCArchive@@@Z 00406a30 f   HVSystemDoc.obj
 0001:00005a80       ?AssertValid@CHVSystemDoc@@UBEXXZ 00406a80 f   HVSystemDoc.obj
 0001:00005ad0       ?Dump@CHVSystemDoc@@UBEXAAVCDumpContext@@@Z 00406ad0 f   HVSystemDoc.obj
 0001:00005b20       ?CreateObject@CHVSystemView@@SGPAVCObject@@XZ 00406b20 f   HVSystemView.obj
 0001:00005bd0       ?_GetBaseClass@CHVSystemView@@KGPAUCRuntimeClass@@XZ 00406bd0 f   HVSystemView.obj
 0001:00005c00       ?GetRuntimeClass@CHVSystemView@@UBEPAUCRuntimeClass@@XZ 00406c00 f   HVSystemView.obj
 0001:00005c40       ?_GetBaseMessageMap@CHVSystemView@@KGPBUAFX_MSGMAP@@XZ 00406c40 f   HVSystemView.obj
 0001:00005c70       ?GetMessageMap@CHVSystemView@@MBEPBUAFX_MSGMAP@@XZ 00406c70 f   HVSystemView.obj
 0001:00005cb0       ??0CHVSystemView@@IAE@XZ   00406cb0 f   HVSystemView.obj
 0001:00005fe0       ??_GCHVSystemView@@UAEPAXI@Z 00406fe0 f i HVSystemView.obj
 0001:00005fe0       ??_ECHVSystemView@@UAEPAXI@Z 00406fe0 f i HVSystemView.obj
 0001:00006050       ??1CFormView@@UAE@XZ       00407050 f i HVSystemView.obj
 0001:000060a0       ??1CImgDisplay@@UAE@XZ     004070a0 f i HVSystemView.obj
 0001:00006130       ??1CImgDisplay2@@UAE@XZ    00407130 f i HVSystemView.obj
 0001:00006180       ??1CImgDisplay3@@UAE@XZ    00407180 f i HVSystemView.obj
 0001:00006210       ??1CHProjection@@UAE@XZ    00407210 f i HVSystemView.obj
 0001:00006260       ??1CVProjection@@UAE@XZ    00407260 f i HVSystemView.obj
 0001:000062b0       ??1CDialogTabMBase@@UAE@XZ 004072b0 f i HVSystemView.obj
 0001:00006370       ??1CTitleBar@@UAE@XZ       00407370 f i HVSystemView.obj
 0001:000063c0       ??1CBottomBar@@UAE@XZ      004073c0 f i HVSystemView.obj
 0001:00006410       ??1CDisplayComm@@UAE@XZ    00407410 f i HVSystemView.obj
 0001:000064a0       ??1CCtrlWindow@@UAE@XZ     004074a0 f i HVSystemView.obj
 0001:00006560       ??1CIoWindow@@UAE@XZ       00407560 f i HVSystemView.obj
 0001:000066a0       ??1COkNgWindow@@UAE@XZ     004076a0 f i HVSystemView.obj
 0001:000066f0       ??1TabWindow@@UAE@XZ       004076f0 f i HVSystemView.obj
 0001:00006740       ??1CMoveArea@@UAE@XZ       00407740 f i HVSystemView.obj
 0001:00006790       ??1CDialogTabMIO@@UAE@XZ   00407790 f i HVSystemView.obj
 0001:000068a0       ??1IO_DATA@@QAE@XZ         004078a0 f i HVSystemView.obj
 0001:00006950       ??1CHVSystemView@@UAE@XZ   00407950 f   HVSystemView.obj
 0001:00006b40       ?DoDataExchange@CHVSystemView@@MAEXPAVCDataExchange@@@Z 00407b40 f   HVSystemView.obj
 0001:00006b90       ?PreCreateWindow@CHVSystemView@@UAEHAAUtagCREATESTRUCTA@@@Z 00407b90 f   HVSystemView.obj
 0001:00006be0       ?OnPreparePrinting@CHVSystemView@@MAEHPAUCPrintInfo@@@Z 00407be0 f   HVSystemView.obj
 0001:00006c30       ?OnBeginPrinting@CHVSystemView@@MAEXPAVCDC@@PAUCPrintInfo@@@Z 00407c30 f   HVSystemView.obj
 0001:00006c60       ?OnEndPrinting@CHVSystemView@@MAEXPAVCDC@@PAUCPrintInfo@@@Z 00407c60 f   HVSystemView.obj
 0001:00006c90       ?OnPrint@CHVSystemView@@MAEXPAVCDC@@PAUCPrintInfo@@@Z 00407c90 f   HVSystemView.obj
 0001:00006cc0       ?AssertValid@CHVSystemView@@UBEXXZ 00407cc0 f   HVSystemView.obj
 0001:00006d10       ?Dump@CHVSystemView@@UBEXAAVCDumpContext@@@Z 00407d10 f   HVSystemView.obj
 0001:00006d60       ?GetDocument@CHVSystemView@@QAEPAVCHVSystemDoc@@XZ 00407d60 f   HVSystemView.obj
 0001:00006df0       ?ExitProc@CHVSystemView@@QAEXXZ 00407df0 f   HVSystemView.obj
 0001:000071d0       ??_GCImiTech@@QAEPAXI@Z    004081d0 f i HVSystemView.obj
 0001:00007240       ?OnInitialUpdate@CHVSystemView@@MAEXXZ 00408240 f   HVSystemView.obj
 0001:00007920       ?GetImgWidth@CImiTech@@QAEJH@Z 00408920 f i HVSystemView.obj
 0001:00007960       ?GetImgHeight@CImiTech@@QAEJH@Z 00408960 f i HVSystemView.obj
 0001:000079a0       ?SetWndRect@CDisplayComm@@QAEXVCRect@@@Z 004089a0 f i HVSystemView.obj
 0001:00007a00       ?SetAppType@TabWindow@@QAEXH@Z 00408a00 f i HVSystemView.obj
 0001:00007a40       ?SetWndRect@TabWindow@@QAEXVCRect@@@Z 00408a40 f i HVSystemView.obj
 0001:00007aa0       ?SetWindowRect@CCtrlWindow@@QAEXVCRect@@@Z 00408aa0 f i HVSystemView.obj
 0001:00007b00       ?SetWndRect@CDialogTabMBase@@QAEXVCRect@@@Z 00408b00 f i HVSystemView.obj
 0001:00007b60       ?MakeDisplayWindow@CHVSystemView@@QAEXXZ 00408b60 f   HVSystemView.obj
 0001:00007f10       ?SetOrgRect@CImgDisplay@@QAEXVCRect@@@Z 00408f10 f i HVSystemView.obj
 0001:00007f70       ?SetBufSize@CImgDisplay@@QAEXHH@Z 00408f70 f i HVSystemView.obj
 0001:00007fc0       ?SetOrgRect@CImgDisplay2@@QAEXVCRect@@@Z 00408fc0 f i HVSystemView.obj
 0001:00008020       ?SetBufSize@CImgDisplay2@@QAEXHH@Z 00409020 f i HVSystemView.obj
 0001:00008070       ?SetOrgRect@CImgDisplay3@@QAEXVCRect@@@Z 00409070 f i HVSystemView.obj
 0001:000080d0       ?SetBufSize@CImgDisplay3@@QAEXHH@Z 004090d0 f i HVSystemView.obj
 0001:00008120       ?GrabProc@CHVSystemView@@QAEXXZ 00409120 f   HVSystemView.obj
 0001:00008180       ?SetBufferAll@CHVSystemView@@QAEXXZ 00409180 f   HVSystemView.obj
 0001:00008230       ?GrabProcUnchecked@CHVSystemView@@QAEXXZ 00409230 f   HVSystemView.obj
 0001:000082f0       ?CheckHWLock@CHVSystemView@@QAEHXZ 004092f0 f   HVSystemView.obj
 0001:00008330       ?SettingParam@CHVSystemView@@QAEXUSETTING_DATA@@@Z 00409330 f   HVSystemView.obj
 0001:00008410       ?SettingParam@CHVSystemView@@QAEXUSETTING_DATA_ADD@@@Z 00409410 f   HVSystemView.obj
 0001:00008470       ?SettingParam@CHVSystemView@@QAEXUSETTING_DATAEX@@@Z 00409470 f   HVSystemView.obj
 0001:00008550       ?SettingParam@CHVSystemView@@QAEXUSETTING_DATAEX2@@@Z 00409550 f   HVSystemView.obj
 0001:00008600       ?OpenApp@CHVSystemView@@QAEXXZ 00409600 f   HVSystemView.obj
 0001:00008630       ?CloseApp@CHVSystemView@@QAEXXZ 00409630 f   HVSystemView.obj
 0001:00008660       ?StartAnalyzer@CHVSystemView@@QAEHHW4EN_TEST_MODE@@@Z 00409660 f   HVSystemView.obj
 0001:00008700       ?TestProc@CHVSystemView@@QAEHHW4EN_TEST_MODE@@@Z 00409700 f   HVSystemView.obj
 0001:00008760       ?ClearData@CHVSystemView@@QAEXXZ 00409760 f   HVSystemView.obj
 0001:00008820       ?StartLiveThread@CHVSystemView@@QAEXXZ 00409820 f   HVSystemView.obj
 0001:00008910       ?EndLiveThread@CHVSystemView@@QAEXXZ 00409910 f   HVSystemView.obj
 0001:00008980       ?StartTestThread@CHVSystemView@@QAEXXZ 00409980 f   HVSystemView.obj
 0001:00008a70       ?EndTestThread@CHVSystemView@@QAEXXZ 00409a70 f   HVSystemView.obj
 0001:00008ae0       ?OnTimer@CHVSystemView@@IAEXI@Z 00409ae0 f   HVSystemView.obj
 0001:00008b40       ?RunSaveImg@CHVSystemView@@QAEXXZ 00409b40 f   HVSystemView.obj
 0001:00008f00       ??1CFileDialog@@UAE@XZ     00409f00 f i HVSystemView.obj
 0001:00008f90       ??1CCommonDialog@@UAE@XZ   00409f90 f i HVSystemView.obj
 0001:00008fe0       ?RunLoadImg@CHVSystemView@@QAEXXZ 00409fe0 f   HVSystemView.obj
 0001:000092c0       ?SaveData@CHVSystemView@@QAEXXZ 0040a2c0 f   HVSystemView.obj
 0001:00009a00       ?SaveSimpleData@CHVSystemView@@QAEXH@Z 0040aa00 f   HVSystemView.obj
 0001:0000a140       ?SaveServerData@CHVSystemView@@QAEXXZ 0040b140 f   HVSystemView.obj
 0001:0000a970       ?SetServerData@CHVSystemView@@QAEXXZ 0040b970 f   HVSystemView.obj
 0001:0000ac60       ?Inspection@CHVSystemView@@QAEXW4EN_TEST_MODE@@@Z 0040bc60 f   HVSystemView.obj
 0001:0000adb0       ?ResetOkNgWindow@CHVSystemView@@QAEXXZ 0040bdb0 f   HVSystemView.obj
 0001:0000af80       ?ResetOkNgFlag@CImgDisplay@@QAEXXZ 0040bf80 f i HVSystemView.obj
 0001:0000afc0       ?ResetOkNgFlag@CImgDisplay2@@QAEXXZ 0040bfc0 f i HVSystemView.obj
 0001:0000b000       ?ResetOkNgFlag@CImgDisplay3@@QAEXXZ 0040c000 f i HVSystemView.obj
 0001:0000b040       ?ThreadLiveGrab@@YAIPAX@Z  0040c040 f   HVSystemView.obj
 0001:0000b200       ?ThreadTestGrab@@YAIPAX@Z  0040c200 f   HVSystemView.obj
 0001:0000b290       ?ByteToChar@CHVSystemView@@QAEHPAEPADH@Z 0040c290 f   HVSystemView_Comm.obj
 0001:0000b340       ?ReadBarcode@CHVSystemView@@QAEHXZ 0040c340 f   HVSystemView_Comm.obj
 0001:0000b4a0       ?OnCommMessage@CHVSystemView@@IAEJIJ@Z 0040c4a0 f   HVSystemView_Comm.obj
 0001:0000b5e0       ?ReInitComport@CHVSystemView@@QAEXH@Z 0040c5e0 f   HVSystemView_Comm.obj
 0001:0000b900       ??0CLogUnit@@QAE@XZ        0040c900 f   LogUnit.obj
 0001:0000b940       ??_ECLogUnit@@UAEPAXI@Z    0040c940 f i LogUnit.obj
 0001:0000b940       ??_GCLogUnit@@UAEPAXI@Z    0040c940 f i LogUnit.obj
 0001:0000b9b0       ??1CLogUnit@@UAE@XZ        0040c9b0 f   LogUnit.obj
 0001:0000b9f0       ?Trace@CLogUnit@@QAEXVCString@@@Z 0040c9f0 f   LogUnit.obj
 0001:0000bc30       ?Trace@CLogUnit@@QAEXPAD@Z 0040cc30 f   LogUnit.obj
 0001:0000bce0       ?CreateObject@CMainFrame@@SGPAVCObject@@XZ 0040cce0 f   MainFrm.obj
 0001:0000bd90       ?_GetBaseClass@CMainFrame@@KGPAUCRuntimeClass@@XZ 0040cd90 f   MainFrm.obj
 0001:0000bdc0       ?GetRuntimeClass@CMainFrame@@UBEPAUCRuntimeClass@@XZ 0040cdc0 f   MainFrm.obj
 0001:0000be00       ?_GetBaseMessageMap@CMainFrame@@KGPBUAFX_MSGMAP@@XZ 0040ce00 f   MainFrm.obj
 0001:0000be30       ?GetMessageMap@CMainFrame@@MBEPBUAFX_MSGMAP@@XZ 0040ce30 f   MainFrm.obj
 0001:0000be70       ??0CMainFrame@@IAE@XZ      0040ce70 f   MainFrm.obj
 0001:0000bf90       ??_ECMainFrame@@UAEPAXI@Z  0040cf90 f i MainFrm.obj
 0001:0000bf90       ??_GCMainFrame@@UAEPAXI@Z  0040cf90 f i MainFrm.obj
 0001:0000c000       ??1CMainFrame@@UAE@XZ      0040d000 f   MainFrm.obj
 0001:0000c0b0       ?OnCreate@CMainFrame@@IAEHPAUtagCREATESTRUCTA@@@Z 0040d0b0 f   MainFrm.obj
 0001:0000c120       ?PreCreateWindow@CMainFrame@@UAEHAAUtagCREATESTRUCTA@@@Z 0040d120 f   MainFrm.obj
 0001:0000c1a0       ?AssertValid@CMainFrame@@UBEXXZ 0040d1a0 f   MainFrm.obj
 0001:0000c1f0       ?Dump@CMainFrame@@UBEXAAVCDumpContext@@@Z 0040d1f0 f   MainFrm.obj
 0001:0000c240       ?OnCopyData@CMainFrame@@IAEHPAVCWnd@@PAUtagCOPYDATASTRUCT@@@Z 0040d240 f   MainFrm.obj
 0001:0000cd30       ?OnSendData@CMainFrame@@QAEXHNNHNHNHNHNNHNNNNNNNNNNNNNNNNNN@Z 0040dd30 f   MainFrm.obj
 0001:0000d2c0       ?DRect@CDisplayToGDI@@QAEXPAVCDC@@UtagRECT@@KH@Z 0040e2c0 f   DisplayToGDI.obj
 0001:0000d460       ?DRectFill@CDisplayToGDI@@QAEXPAVCDC@@UtagRECT@@KKH@Z 0040e460 f   DisplayToGDI.obj
 0001:0000d600       ?DDotRect@CDisplayToGDI@@QAEXPAVCDC@@UtagRECT@@KH@Z 0040e600 f   DisplayToGDI.obj
 0001:0000d7a0       ?DPoint@CDisplayToGDI@@QAEXPAVCDC@@PAUusrPOINT@@HKH@Z 0040e7a0 f   DisplayToGDI.obj
 0001:0000d8f0       ?DPoint@CDisplayToGDI@@QAEXPAVCDC@@PAUtagPOINT@@HKH@Z 0040e8f0 f   DisplayToGDI.obj
 0001:0000da30       ?DPoint@CDisplayToGDI@@QAEXPAVCDC@@UtagPOINT@@KH@Z 0040ea30 f   DisplayToGDI.obj
 0001:0000db50       ?DCrossPointWithRect@CDisplayToGDI@@QAEXPAVCDC@@UtagPOINT@@HK@Z 0040eb50 f   DisplayToGDI.obj
 0001:0000dcf0       ?DPie@CDisplayToGDI@@QAEXPAVCDC@@UtagRECT@@UtagPOINT@@2K@Z 0040ecf0 f   DisplayToGDI.obj
 0001:0000de50       ?DCrossPointWithEllipse@CDisplayToGDI@@QAEXPAVCDC@@UtagPOINT@@HKKH@Z 0040ee50 f   DisplayToGDI.obj
 0001:0000e0a0       ?DCrossPointWithEllipse@CDisplayToGDI@@QAEXPAVCDC@@UtagPOINT@@HHKKH@Z 0040f0a0 f   DisplayToGDI.obj
 0001:0000e300       ?DCrossPointWithFillEllipse@CDisplayToGDI@@QAEXPAVCDC@@UtagPOINT@@HKKH@Z 0040f300 f   DisplayToGDI.obj
 0001:0000e5c0       ?DLine@CDisplayToGDI@@QAEXPAVCDC@@UusrPOINT@@1KH@Z 0040f5c0 f   DisplayToGDI.obj
 0001:0000e720       ?DLineW@CDisplayToGDI@@QAEXPAVCDC@@UusrPOINT@@1KHH@Z 0040f720 f   DisplayToGDI.obj
 0001:0000e880       ?DLineW@CDisplayToGDI@@QAEXPAVCDC@@UtagPOINT@@1KHH@Z 0040f880 f   DisplayToGDI.obj
 0001:0000e9c0       ?DLine@CDisplayToGDI@@QAEXPAVCDC@@UtagPOINT@@1KH@Z 0040f9c0 f   DisplayToGDI.obj
 0001:0000eaf0       ?DPolygon@CDisplayToGDI@@QAEXPAVCDC@@PAUtagPOINT@@HKH@Z 0040faf0 f   DisplayToGDI.obj
 0001:0000ec70       ?DDotLine@CDisplayToGDI@@QAEXPAVCDC@@UusrPOINT@@1KH@Z 0040fc70 f   DisplayToGDI.obj
 0001:0000ee00       ?DDotLine@CDisplayToGDI@@QAEXPAVCDC@@UtagPOINT@@1KH@Z 0040fe00 f   DisplayToGDI.obj
 0001:0000ef40       ?DTextOut@CDisplayToGDI@@QAEXPAVCDC@@HHPADKH@Z 0040ff40 f   DisplayToGDI.obj
 0001:0000f0a0       ?DTextOutCenter@CDisplayToGDI@@QAEXPAVCDC@@HHPADK@Z 004100a0 f   DisplayToGDI.obj
 0001:0000f210       ?DTextOutWithFont@CDisplayToGDI@@QAEXPAVCDC@@HHHHPADK@Z 00410210 f   DisplayToGDI.obj
 0001:0000f490       ?DTextOutWithFontII@CDisplayToGDI@@QAEXPAVCDC@@HHHHPADK@Z 00410490 f   DisplayToGDI.obj
 0001:0000f6f0       ?DCrossPoint@CDisplayToGDI@@QAEXPAVCDC@@UtagPOINT@@HKH@Z 004106f0 f   DisplayToGDI.obj
 0001:0000f870       ?DCrossPointWithEllipse@CDisplayToGDI@@QAEXPAVCDC@@UusrPOINT@@HKH@Z 00410870 f   DisplayToGDI.obj
 0001:0000fab0       ?DCrossPoint@CDisplayToGDI@@QAEXPAVCDC@@UusrPOINT@@HKH@Z 00410ab0 f   DisplayToGDI.obj
 0001:0000fcd0       ?DCrossPoint@CDisplayToGDI@@QAEXPAVCDC@@UtagPOINT@@HHKH@Z 00410cd0 f   DisplayToGDI.obj
 0001:0000fe50       ?DCrossPoint@CDisplayToGDI@@QAEXPAVCDC@@UusrPOINT@@HHKH@Z 00410e50 f   DisplayToGDI.obj
 0001:00010000       ?DEllipse@CDisplayToGDI@@QAEXPAVCDC@@UtagRECT@@KH@Z 00411000 f   DisplayToGDI.obj
 0001:000101a0       ?DEllipseWithSolidEllipse@CDisplayToGDI@@QAEXPAVCDC@@UtagRECT@@1KKH@Z 004111a0 f   DisplayToGDI.obj
 0001:00010380       ?DEllipseWithEllipse@CDisplayToGDI@@QAEXPAVCDC@@UtagRECT@@1KKH@Z 00411380 f   DisplayToGDI.obj
 0001:00010560       ?DEllipseWithCross@CDisplayToGDI@@QAEXPAVCDC@@UtagRECT@@KH@Z 00411560 f   DisplayToGDI.obj
 0001:00010760       ?DSolidEllipse@CDisplayToGDI@@QAEXPAVCDC@@UtagRECT@@KH@Z 00411760 f   DisplayToGDI.obj
 0001:00010900       ?DPolygonFill@CDisplayToGDI@@QAEXPAVCDC@@PAUtagPOINT@@HK@Z 00411900 f   DisplayToGDI.obj
 0001:00010a50       ??0CListCtrlStyled@@QAE@XZ 00411a50 f   ListCtrlStyled.obj
 0001:00010b70       ??_GCListCtrlStyled@@UAEPAXI@Z 00411b70 f i ListCtrlStyled.obj
 0001:00010b70       ??_ECListCtrlStyled@@UAEPAXI@Z 00411b70 f i ListCtrlStyled.obj
 0001:00010be0       ??1CListCtrlStyled@@UAE@XZ 00411be0 f   ListCtrlStyled.obj
 0001:00010d20       ?_GetBaseMessageMap@CListCtrlStyled@@KGPBUAFX_MSGMAP@@XZ 00411d20 f   ListCtrlStyled.obj
 0001:00010d50       ?GetMessageMap@CListCtrlStyled@@MBEPBUAFX_MSGMAP@@XZ 00411d50 f   ListCtrlStyled.obj
 0001:00010d90       ?OnDestroy@CListCtrlStyled@@IAEXXZ 00411d90 f   ListCtrlStyled.obj
 0001:00010de0       ?InsertItem@CListCtrlStyled@@QAEHPBUtagLVITEMA@@@Z 00411de0 f   ListCtrlStyled.obj
 0001:00011020       ??0iLS_item@@QAE@XZ        00412020 f i ListCtrlStyled.obj
 0001:00011070       ?InsertItem@CListCtrlStyled@@QAEHIHPBDIIHJ@Z 00412070 f   ListCtrlStyled.obj
 0001:00011120       ?InsertItem@CListCtrlStyled@@QAEHHPBD@Z 00412120 f   ListCtrlStyled.obj
 0001:00011180       ?InsertItem@CListCtrlStyled@@QAEHHPBDH@Z 00412180 f   ListCtrlStyled.obj
 0001:000111e0       ?SetItem@CListCtrlStyled@@QAEHPBUtagLVITEMA@@@Z 004121e0 f   ListCtrlStyled.obj
 0001:000112d0       ?SetItem@CListCtrlStyled@@QAEHHHIPBDHIIJ@Z 004122d0 f   ListCtrlStyled.obj
 0001:00011340       ?SetItem@CListCtrlStyled@@QAEHHHIPBDHIIJH@Z 00412340 f   ListCtrlStyled.obj
 0001:00011400       ?DeleteItem@CListCtrlStyled@@QAEHH@Z 00412400 f   ListCtrlStyled.obj
 0001:00011480       ?DeleteAllItems@CListCtrlStyled@@QAEHXZ 00412480 f   ListCtrlStyled.obj
 0001:00011500       ?GetItemData@CListCtrlStyled@@QAEKH@Z 00412500 f   ListCtrlStyled.obj
 0001:00011580       ?SetItemData@CListCtrlStyled@@QAEHHK@Z 00412580 f   ListCtrlStyled.obj
 0001:00011610       ?GetItem@CListCtrlStyled@@QAEHPAUtagLVITEMA@@@Z 00412610 f   ListCtrlStyled.obj
 0001:000116c0       ?InsertColumn@CListCtrlStyled@@QAEHHPBUtagLVCOLUMNA@@@Z 004126c0 f   ListCtrlStyled.obj
 0001:000118c0       ?InsertColumn@CListCtrlStyled@@QAEHHPBDHHH@Z 004128c0 f   ListCtrlStyled.obj
 0001:00011970       ?DeleteColumn@CListCtrlStyled@@QAEHH@Z 00412970 f   ListCtrlStyled.obj
 0001:00011b30       ?SetColumnOrderArray@CListCtrlStyled@@QAEHHPAH@Z 00412b30 f   ListCtrlStyled.obj
 0001:00011c70       ?LIS_CompareFunc@@YGHJJJ@Z 00412c70 f   ListCtrlStyled.obj
 0001:00011d00       ?SortItems@CListCtrlStyled@@QAEHP6GHJJJ@ZK@Z 00412d00 f   ListCtrlStyled.obj
 0001:00011d70       ?FindItem@CListCtrlStyled@@QAEHPAUtagLVFINDINFOA@@H@Z 00412d70 f   ListCtrlStyled.obj
 0001:00011e50       ?SetItemTxtColor@CListCtrlStyled@@QAEXHHK_N@Z 00412e50 f   ListCtrlStyled.obj
 0001:00011f10       ?SetItemBgColor@CListCtrlStyled@@QAEXHHK_N@Z 00412f10 f   ListCtrlStyled.obj
 0001:00011fd0       ?SetItemStyle@CListCtrlStyled@@QAEXHHK_N@Z 00412fd0 f   ListCtrlStyled.obj
 0001:000120c0       ?SetItemFont@CListCtrlStyled@@QAEXHHPAVCFont@@_N@Z 004130c0 f   ListCtrlStyled.obj
 0001:000121a0       ?SetItemSelectedStyle@CListCtrlStyled@@QAEXHHK_N@Z 004131a0 f   ListCtrlStyled.obj
 0001:00012350       ?SetItemSelectedTxtColor@CListCtrlStyled@@QAEXHHK_N@Z 00413350 f   ListCtrlStyled.obj
 0001:000124d0       ?SetItemSelectedBgColor@CListCtrlStyled@@QAEXHHK_N@Z 004134d0 f   ListCtrlStyled.obj
 0001:00012650       ?SetItemSelectedFont@CListCtrlStyled@@QAEXHHPAVCFont@@_N@Z 00413650 f   ListCtrlStyled.obj
 0001:000127f0       ?SetRowStyle@CListCtrlStyled@@QAEXHK_N@Z 004137f0 f   ListCtrlStyled.obj
 0001:00012980       ?SetRowTxtColor@CListCtrlStyled@@QAEXHK_N@Z 00413980 f   ListCtrlStyled.obj
 0001:00012ae0       ?SetRowBgColor@CListCtrlStyled@@QAEXHK_N@Z 00413ae0 f   ListCtrlStyled.obj
 0001:00012c40       ?SetRowFont@CListCtrlStyled@@QAEXHPAVCFont@@_N@Z 00413c40 f   ListCtrlStyled.obj
 0001:00012dc0       ?SetRowSelectedStyle@CListCtrlStyled@@QAEXHK_N@Z 00413dc0 f   ListCtrlStyled.obj
 0001:00012ff0       ?SetRowSelectedTxtColor@CListCtrlStyled@@QAEXHK_N@Z 00413ff0 f   ListCtrlStyled.obj
 0001:000131f0       ?SetRowSelectedBgColor@CListCtrlStyled@@QAEXHK_N@Z 004141f0 f   ListCtrlStyled.obj
 0001:000133f0       ?SetRowSelectedFont@CListCtrlStyled@@QAEXHPAVCFont@@_N@Z 004143f0 f   ListCtrlStyled.obj
 0001:00013610       ?SetColStyle@CListCtrlStyled@@QAEXHK_N@Z 00414610 f   ListCtrlStyled.obj
 0001:000137b0       ?SetColTxtColor@CListCtrlStyled@@QAEXHK_N@Z 004147b0 f   ListCtrlStyled.obj
 0001:00013910       ?SetColBgColor@CListCtrlStyled@@QAEXHK_N@Z 00414910 f   ListCtrlStyled.obj
 0001:00013a70       ?SetColFont@CListCtrlStyled@@QAEXHPAVCFont@@_N@Z 00414a70 f   ListCtrlStyled.obj
 0001:00013c00       ?SetColSelectedStyle@CListCtrlStyled@@QAEXHK_N@Z 00414c00 f   ListCtrlStyled.obj
 0001:00013e30       ?SetColSelectedTxtColor@CListCtrlStyled@@QAEXHK_N@Z 00414e30 f   ListCtrlStyled.obj
 0001:00014030       ?SetColSelectedBgColor@CListCtrlStyled@@QAEXHK_N@Z 00415030 f   ListCtrlStyled.obj
 0001:00014230       ?SetColSelectedFont@CListCtrlStyled@@QAEXHPAVCFont@@_N@Z 00415230 f   ListCtrlStyled.obj
 0001:00014450       ?SetHighlightTextColor@CListCtrlStyled@@QAEXK@Z 00415450 f   ListCtrlStyled.obj
 0001:00014490       ?SetHighlightColor@CListCtrlStyled@@QAEXK@Z 00415490 f   ListCtrlStyled.obj
 0001:000144d0       ?OnCustomdraw@CListCtrlStyled@@IAEXPAUtagNMHDR@@PAJ@Z 004154d0 f   ListCtrlStyled.obj
 0001:000149a0       ?FontForItem@CListCtrlStyled@@AAEPAVCFont@@HHJPAUtagNMLVCUSTOMDRAW@@@Z 004159a0 f   ListCtrlStyled.obj
 0001:00015160       ?SelectFont@CListCtrlStyled@@AAEPAVCFont@@PAV2@00@Z 00416160 f   ListCtrlStyled.obj
 0001:000151d0       ?MergeFont@CListCtrlStyled@@AAEPAVCFont@@PAV2@00@Z 004161d0 f   ListCtrlStyled.obj
 0001:00015390       ?MergeLogFont@CListCtrlStyled@@AAEXPAUtagLOGFONTA@@0@Z 00416390 f   ListCtrlStyled.obj
 0001:000155f0       ?CreateFontA@CListCtrlStyled@@AAEPAVCFont@@K@Z 004165f0 f   ListCtrlStyled.obj
 0001:00015750       ?Init_LS_item@CListCtrlStyled@@AAEXPAUiLS_item@@_N@Z 00416750 f   ListCtrlStyled.obj
 0001:00015880       ?Free_LS_font@CListCtrlStyled@@AAEXPAUiLS_item@@K@Z 00416880 f   ListCtrlStyled.obj
 0001:000159b0       ?Free_LS_item@CListCtrlStyled@@AAEXPAUiLS_item@@@Z 004169b0 f   ListCtrlStyled.obj
 0001:00015b10       ??_GiLS_item@@QAEPAXI@Z    00416b10 f i ListCtrlStyled.obj
 0001:00015b80       ??1iLS_item@@QAE@XZ        00416b80 f i ListCtrlStyled.obj
 0001:00015bd0       ?InitLVITEM@CListCtrlStyled@@AAEXHHPAUtagLVITEMA@@@Z 00416bd0 f   ListCtrlStyled.obj
 0001:00015c90       ??0?$CArray@PAUiLS_item@@PAU1@@@QAE@XZ 00416c90 f i ListCtrlStyled.obj
 0001:00015d20       ?GetSize@?$CArray@PAUiLS_item@@PAU1@@@QBEHXZ 00416d20 f i ListCtrlStyled.obj
 0001:00015d60       ?SetSize@?$CArray@PAUiLS_item@@PAU1@@@QAEXHH@Z 00416d60 f i ListCtrlStyled.obj
 0001:00016150       ?RemoveAll@?$CArray@PAUiLS_item@@PAU1@@@QAEXXZ 00417150 f i ListCtrlStyled.obj
 0001:000161a0       ?SetAt@?$CArray@PAUiLS_item@@PAU1@@@QAEXHPAUiLS_item@@@Z 004171a0 f i ListCtrlStyled.obj
 0001:00016230       ?Add@?$CArray@PAUiLS_item@@PAU1@@@QAEHPAUiLS_item@@@Z 00417230 f i ListCtrlStyled.obj
 0001:00016290       ?Copy@?$CArray@PAUiLS_item@@PAU1@@@QAEXABV1@@Z 00417290 f i ListCtrlStyled.obj
 0001:00016350       ??A?$CArray@PAUiLS_item@@PAU1@@@QAEAAPAUiLS_item@@H@Z 00417350 f i ListCtrlStyled.obj
 0001:000163a0       ?InsertAt@?$CArray@PAUiLS_item@@PAU1@@@QAEXHPAUiLS_item@@H@Z 004173a0 f i ListCtrlStyled.obj
 0001:00016580       ?RemoveAt@?$CArray@PAUiLS_item@@PAU1@@@QAEXHH@Z 00417580 f i ListCtrlStyled.obj
 0001:000166f0       ??1?$CArray@PAUiLS_item@@PAU1@@@UAE@XZ 004176f0 f i ListCtrlStyled.obj
 0001:000167d0       ?Serialize@?$CArray@PAUiLS_item@@PAU1@@@UAEXAAVCArchive@@@Z 004177d0 f i ListCtrlStyled.obj
 0001:000168a0       ?Dump@?$CArray@PAUiLS_item@@PAU1@@@UBEXAAVCDumpContext@@@Z 004178a0 f i ListCtrlStyled.obj
 0001:00016970       ?AssertValid@?$CArray@PAUiLS_item@@PAU1@@@UBEXXZ 00417970 f i ListCtrlStyled.obj
 0001:00016af0       ??_G?$CArray@PAUiLS_item@@PAU1@@@UAEPAXI@Z 00417af0 f i ListCtrlStyled.obj
 0001:00016af0       ??_E?$CArray@PAUiLS_item@@PAU1@@@UAEPAXI@Z 00417af0 f i ListCtrlStyled.obj
 0001:00016b60       ?ElementAt@?$CArray@PAUiLS_item@@PAU1@@@QAEAAPAUiLS_item@@H@Z 00417b60 f i ListCtrlStyled.obj
 0001:00016be0       ?SetAtGrow@?$CArray@PAUiLS_item@@PAU1@@@QAEXHPAUiLS_item@@@Z 00417be0 f i ListCtrlStyled.obj
 0001:00016ca0       ?DestructElements@@YGXPAPAUiLS_item@@H@Z 00417ca0 f i ListCtrlStyled.obj
 0001:00016d40       ?ConstructElements@@YGXPAPAUiLS_item@@H@Z 00417d40 f i ListCtrlStyled.obj
 0001:00016e10       ??2@YAPAXIPAX@Z            00417e10 f i ListCtrlStyled.obj
 0001:00016e40       ?CopyElements@@YGXPAPAUiLS_item@@PBQAU1@H@Z 00417e40 f i ListCtrlStyled.obj
 0001:00016f30       ?SerializeElements@@YGXAAVCArchive@@PAPAUiLS_item@@H@Z 00417f30 f i ListCtrlStyled.obj
 0001:00016ff0       ?DumpElements@@YGXAAVCDumpContext@@PBQAUiLS_item@@H@Z 00417ff0 f i ListCtrlStyled.obj
 0001:00017070       ??0CStaticSkin@@QAE@XZ     00418070 f   StaticSkin.obj
 0001:00017260       ??_ECStaticSkin@@UAEPAXI@Z 00418260 f i StaticSkin.obj
 0001:00017260       ??_GCStaticSkin@@UAEPAXI@Z 00418260 f i StaticSkin.obj
 0001:000172d0       ??1CStaticSkin@@UAE@XZ     004182d0 f   StaticSkin.obj
 0001:000173f0       ?_GetBaseMessageMap@CStaticSkin@@KGPBUAFX_MSGMAP@@XZ 004183f0 f   StaticSkin.obj
 0001:00017420       ?GetMessageMap@CStaticSkin@@MBEPBUAFX_MSGMAP@@XZ 00418420 f   StaticSkin.obj
 0001:00017460       ?SetBmpFile@CStaticSkin@@QAEXPAD@Z 00418460 f   StaticSkin.obj
 0001:000174a0       ?OutTextII@CStaticSkin@@QAEXPAD@Z 004184a0 f   StaticSkin.obj
 0001:00017500       ?SetFontSize@CStaticSkin@@QAEXHHPAD@Z 00418500 f   StaticSkin.obj
 0001:00017650       ?OutTextXY@CStaticSkin@@QAEXHHPAD@Z 00418650 f   StaticSkin.obj
 0001:000176d0       ?OutTextContXY@CStaticSkin@@QAEXHHPADH@Z 004186d0 f   StaticSkin.obj
 0001:00017780       ?OutText@CStaticSkin@@QAEXPAD@Z 00418780 f   StaticSkin.obj
 0001:000177e0       ?SetFgColor@CStaticSkin@@QAEXI@Z 004187e0 f   StaticSkin.obj
 0001:00017820       ?OnPaint@CStaticSkin@@IAEXXZ 00418820 f   StaticSkin.obj
 0001:00017a40       ?PreSubclassWindow@CStaticSkin@@MAEXXZ 00418a40 f   StaticSkin.obj
 0001:00017c10       ??0CxSkinButton@@QAE@XZ    00418c10 f   xSkinButton.obj
 0001:00017db0       ??_GCxSkinButton@@UAEPAXI@Z 00418db0 f i xSkinButton.obj
 0001:00017e20       ??1CxSkinButton@@UAE@XZ    00418e20 f   xSkinButton.obj
 0001:00017f70       ?_GetBaseMessageMap@CxSkinButton@@KGPBUAFX_MSGMAP@@XZ 00418f70 f   xSkinButton.obj
 0001:00017fa0       ?GetMessageMap@CxSkinButton@@MBEPBUAFX_MSGMAP@@XZ 00418fa0 f   xSkinButton.obj
 0001:00017fe0       ?PreSubclassWindow@CxSkinButton@@MAEXXZ 00418fe0 f   xSkinButton.obj
 0001:000180a0       ?OnEraseBkgnd@CxSkinButton@@IAEHPAVCDC@@@Z 004190a0 f   xSkinButton.obj
 0001:000180e0       ?DrawItem@CxSkinButton@@UAEXPAUtagDRAWITEMSTRUCT@@@Z 004190e0 f   xSkinButton.obj
 0001:000187f0       ?GetBitmapWidth@CxSkinButton@@IAEHPAUHBITMAP__@@@Z 004197f0 f   xSkinButton.obj
 0001:00018850       ?GetBitmapHeight@CxSkinButton@@IAEHPAUHBITMAP__@@@Z 00419850 f   xSkinButton.obj
 0001:000188b0       ?DrawBitmap@CxSkinButton@@IAEXPAVCDC@@PAUHBITMAP__@@UtagRECT@@H@Z 004198b0 f   xSkinButton.obj
 0001:00018d50       ?FillWithBitmap@CxSkinButton@@IAEXPAVCDC@@PAUHBITMAP__@@UtagRECT@@@Z 00419d50 f   xSkinButton.obj
 0001:00018f10       ?SetSkin@CxSkinButton@@QAEXIIIIIIFFF@Z 00419f10 f   xSkinButton.obj
 0001:00019250       ?CreateRgnFromBitmap@CxSkinButton@@IAEPAUHRGN__@@PAUHBITMAP__@@K@Z 0041a250 f   xSkinButton.obj
 0001:000197f0       ?SetTextColor@CxSkinButton@@QAEKK@Z 0041a7f0 f   xSkinButton.obj
 0001:00019850       ?SetToolTipText@CxSkinButton@@QAEXVCString@@@Z 0041a850 f   xSkinButton.obj
 0001:00019950       ?RelayEvent@CxSkinButton@@IAEXIIJ@Z 0041a950 f   xSkinButton.obj
 0001:00019a00       ?OnLButtonDblClk@CxSkinButton@@IAEXIVCPoint@@@Z 0041aa00 f   xSkinButton.obj
 0001:00019a80       ?OnLButtonDown@CxSkinButton@@IAEXIVCPoint@@@Z 0041aa80 f   xSkinButton.obj
 0001:00019b80       ?OnLButtonUp@CxSkinButton@@IAEXIVCPoint@@@Z 0041ab80 f   xSkinButton.obj
 0001:00019cd0       ?OnMouseMove@CxSkinButton@@IAEXIVCPoint@@@Z 0041acd0 f   xSkinButton.obj
 0001:00019ec0       ?OnMouseLeave@CxSkinButton@@IAEJIJ@Z 0041aec0 f   xSkinButton.obj
 0001:00019f50       ?OnKillFocus@CxSkinButton@@IAEXPAVCWnd@@@Z 0041af50 f   xSkinButton.obj
 0001:0001a010       ?OnClicked@CxSkinButton@@IAEHXZ 0041b010 f   xSkinButton.obj
 0001:0001a0c0       ?OnRadioInfo@CxSkinButton@@IAEJIJ@Z 0041b0c0 f   xSkinButton.obj
 0001:0001a130       ?OnKeyDown@CxSkinButton@@IAEXIII@Z 0041b130 f   xSkinButton.obj
 0001:0001a1e0       ?OnBMSetCheck@CxSkinButton@@IAEJIJ@Z 0041b1e0 f   xSkinButton.obj
 0001:0001a350       ?OnBMGetCheck@CxSkinButton@@IAEJIJ@Z 0041b350 f   xSkinButton.obj
 0001:0001a390       ??0CHProjection@@QAE@PAVCWnd@@@Z 0041b390 f   HProjection.obj
 0001:0001a500       ??_ECHProjection@@UAEPAXI@Z 0041b500 f i HProjection.obj
 0001:0001a500       ??_GCHProjection@@UAEPAXI@Z 0041b500 f i HProjection.obj
 0001:0001a570       ?DoDataExchange@CHProjection@@MAEXPAVCDataExchange@@@Z 0041b570 f   HProjection.obj
 0001:0001a5c0       ?_GetBaseMessageMap@CHProjection@@KGPBUAFX_MSGMAP@@XZ 0041b5c0 f   HProjection.obj
 0001:0001a5f0       ?GetMessageMap@CHProjection@@MBEPBUAFX_MSGMAP@@XZ 0041b5f0 f   HProjection.obj
 0001:0001a630       ?PreTranslateMessage@CHProjection@@UAEHPAUtagMSG@@@Z 0041b630 f   HProjection.obj
 0001:0001a6b0       ?OnDestroy@CHProjection@@IAEXXZ 0041b6b0 f   HProjection.obj
 0001:0001a720       ?OnInitDialog@CHProjection@@MAEHXZ 0041b720 f   HProjection.obj
 0001:0001a780       ?OnPaint@CHProjection@@IAEXXZ 0041b780 f   HProjection.obj
 0001:0001a830       ?PaintEx@CHProjection@@QAEXXZ 0041b830 f   HProjection.obj
 0001:0001a880       ?BitmapInit@CHProjection@@QAEXXZ 0041b880 f   HProjection.obj
 0001:0001aaa0       ?DrawGrid@CHProjection@@QAEXPAVCPaintDC@@@Z 0041baa0 f   HProjection.obj
 0001:0001acb0       ?SetParam@CHProjection@@QAEXXZ 0041bcb0 f   HProjection.obj
 0001:0001ae20       ?GetDistanceToPixel@CHProjection@@QAEHN@Z 0041be20 f i HProjection.obj
 0001:0001ae70       ?NormGaussian@CHProjection@@QAENNNN@Z 0041be70 f   HProjection.obj
 0001:0001af10       ?LDGaussian@CHProjection@@QAENNNN@Z 0041bf10 f   HProjection.obj
 0001:0001af90       ?SetGaussianData@CHProjection@@QAEXPAEUtagPOINT@@1HHH@Z 0041bf90 f   HProjection.obj
 0001:0001b300       ?ReCompute@CHProjection@@QAEXNN@Z 0041c300 f   HProjection.obj
 0001:0001b520       ?ComputeData@CHProjection@@QAEXPANHHN@Z 0041c520 f   HProjection.obj
 0001:0001bfd0       ?RimLocate@CHProjection@@QAEXH@Z 0041cfd0 f   HProjection.obj
 0001:0001c310       ?MakeColor@CHProjection@@QAEXXZ 0041d310 f   HProjection.obj
 0001:0001c430       ?DrawLevel@CHProjection@@QAEXPAVCDC@@H@Z 0041d430 f   HProjection.obj
 0001:0001c5e0       ??0CDisplayToGDI@@QAE@XZ   0041d5e0 f i HProjection.obj
 0001:0001c610       ??1CDisplayToGDI@@QAE@XZ   0041d610 f i HProjection.obj
 0001:0001c640       ?DrawGaussian@CHProjection@@QAEXPAVCDC@@@Z 0041d640 f   HProjection.obj
 0001:0001d2c0       ?GetSetupActive@TabWindow@@QAEHXZ 0041e2c0 f i HProjection.obj
 0001:0001d300       ?SortValue@CHProjection@@QAEXPANHHH@Z 0041e300 f   HProjection.obj
 0001:0001d540       ??0CImgDisplay@@QAE@PAVCWnd@@@Z 0041e540 f   ImgDisplay.obj
 0001:0001d900       ??_ECImgDisplay@@UAEPAXI@Z 0041e900 f i ImgDisplay.obj
 0001:0001d900       ??_GCImgDisplay@@UAEPAXI@Z 0041e900 f i ImgDisplay.obj
 0001:0001d970       ?DoDataExchange@CImgDisplay@@MAEXPAVCDataExchange@@@Z 0041e970 f   ImgDisplay.obj
 0001:0001d9c0       ?_GetBaseMessageMap@CImgDisplay@@KGPBUAFX_MSGMAP@@XZ 0041e9c0 f   ImgDisplay.obj
 0001:0001d9f0       ?GetMessageMap@CImgDisplay@@MBEPBUAFX_MSGMAP@@XZ 0041e9f0 f   ImgDisplay.obj
 0001:0001da30       ?PreTranslateMessage@CImgDisplay@@UAEHPAUtagMSG@@@Z 0041ea30 f   ImgDisplay.obj
 0001:0001dab0       ?BitmapInit@CImgDisplay@@QAEXXZ 0041eab0 f   ImgDisplay.obj
 0001:0001de00       ?ChangePallete@CImgDisplay@@QAEXXZ 0041ee00 f   ImgDisplay.obj
 0001:0001e180       ?ReSetBitmapInfo@CImgDisplay@@QAEXHH@Z 0041f180 f   ImgDisplay.obj
 0001:0001e3a0       ?OnPaint@CImgDisplay@@IAEXXZ 0041f3a0 f   ImgDisplay.obj
 0001:0001e490       ?SetBuffer@CImgDisplay@@QAEXPAE@Z 0041f490 f   ImgDisplay.obj
 0001:0001e590       ?ImgUpdate@CImgDisplay@@QAEXPAE@Z 0041f590 f   ImgDisplay.obj
 0001:0001e610       ?Draw256Image@CImgDisplay@@QAEXPAVCPaintDC@@PAE@Z 0041f610 f   ImgDisplay.obj
 0001:0001e920       ?Draw256Image@CImgDisplay@@QAEXPAVCDC@@PAE@Z 0041f920 f   ImgDisplay.obj
 0001:0001ec30       ?OnInitDialog@CImgDisplay@@MAEHXZ 0041fc30 f   ImgDisplay.obj
 0001:0001ef50       ?OnDestroy@CImgDisplay@@IAEXXZ 0041ff50 f   ImgDisplay.obj
 0001:0001f140       ?SettingParam@CImgDisplay@@QAEXXZ 00420140 f   ImgDisplay.obj
 0001:0001f3b0       ?DistanceToPixelPosX@CImgDisplay@@QAEHN@Z 004203b0 f   ImgDisplay.obj
 0001:0001f440       ?DistanceToPixelPosY@CImgDisplay@@QAEHN@Z 00420440 f   ImgDisplay.obj
 0001:0001f4d0       ?MakeCoordTable@CImgDisplay@@QAEXXZ 004204d0 f   ImgDisplay.obj
 0001:0001f940       ?MakeGridCoord@CImgDisplay@@QAEXXZ 00420940 f   ImgDisplay.obj
 0001:000202a0       ?DrawPallete@CImgDisplay@@QAEXPAVCDC@@@Z 004212a0 f   ImgDisplay.obj
 0001:00020450       ?SelectDisplayType@CImgDisplay@@QAEXXZ 00421450 f   ImgDisplay.obj
 0001:000204b0       ?SetGridDisplayTag@CImgDisplay@@QAEXH@Z 004214b0 f i ImgDisplay.obj
 0001:000204f0       ?DisplayGrid@CImgDisplay@@QAEXPAVCDC@@@Z 004214f0 f   ImgDisplay.obj
 0001:00021550       ?DistanceToPixel@CImgDisplay@@QAEHN@Z 00422550 f i ImgDisplay.obj
 0001:000215a0       ?BeamDistributionAnalysis@CImgDisplay@@QAEHH@Z 004225a0 f   ImgDisplay.obj
 0001:00021d70       ?GetCenter@CHProjection@@QAEHXZ 00422d70 f i ImgDisplay.obj
 0001:00021db0       ?GetCenter@CVProjection@@QAEHXZ 00422db0 f i ImgDisplay.obj
 0001:00021df0       ?CheckErrorFlag@CImgDisplay@@QAEHXZ 00422df0 f   ImgDisplay.obj
 0001:00021f80       ?ProcessBeamDistribution@CImgDisplay@@QAEHH@Z 00422f80 f   ImgDisplay.obj
 0001:00022e00       ?ProcessManualBeamDistribution@CImgDisplay@@QAEHH@Z 00423e00 f   ImgDisplay.obj
 0001:000237c0       ?SetVValue@CImgDisplay@@QAEXUtagPOINT@@@Z 004247c0 f   ImgDisplay.obj
 0001:00023bc0       ?GetMaxIntensity@CVProjection@@QAEHXZ 00424bc0 f i ImgDisplay.obj
 0001:00023c00       ?SetHValue@CImgDisplay@@QAEXUtagPOINT@@@Z 00424c00 f   ImgDisplay.obj
 0001:00024060       ?GetMaxIntensity@CHProjection@@QAEHXZ 00425060 f i ImgDisplay.obj
 0001:000240a0       ?GetPeakBeam@CImgDisplay@@QAEHXZ 004250a0 f   ImgDisplay.obj
 0001:000248c0       ?SaveBmp@CImgDisplay@@QAEXPAVCBitmap@@PAD@Z 004258c0 f   ImgDisplay.obj
 0001:00024bf0       ?OnLButtonDown@CImgDisplay@@IAEXIVCPoint@@@Z 00425bf0 f   ImgDisplay.obj
 0001:00024c80       ?OnLButtonUp@CImgDisplay@@IAEXIVCPoint@@@Z 00425c80 f   ImgDisplay.obj
 0001:00024d30       ?MoveDelta@CImgDisplay@@QAEXHH@Z 00425d30 f   ImgDisplay.obj
 0001:00024da0       ?OnMouseMove@CImgDisplay@@IAEXIVCPoint@@@Z 00425da0 f   ImgDisplay.obj
 0001:00024ec0       ?OnRButtonDown@CImgDisplay@@IAEXIVCPoint@@@Z 00425ec0 f   ImgDisplay.obj
 0001:00024f50       ?RunSaveBmp@CImgDisplay@@QAEXPAD@Z 00425f50 f   ImgDisplay.obj
 0001:000252a0       ??0CImgDisplay2@@QAE@PAVCWnd@@@Z 004262a0 f   ImgDisplay2.obj
 0001:00025430       ??_ECImgDisplay2@@UAEPAXI@Z 00426430 f i ImgDisplay2.obj
 0001:00025430       ??_GCImgDisplay2@@UAEPAXI@Z 00426430 f i ImgDisplay2.obj
 0001:000254a0       ?DoDataExchange@CImgDisplay2@@MAEXPAVCDataExchange@@@Z 004264a0 f   ImgDisplay2.obj
 0001:000254f0       ?_GetBaseMessageMap@CImgDisplay2@@KGPBUAFX_MSGMAP@@XZ 004264f0 f   ImgDisplay2.obj
 0001:00025520       ?GetMessageMap@CImgDisplay2@@MBEPBUAFX_MSGMAP@@XZ 00426520 f   ImgDisplay2.obj
 0001:00025560       ?PreTranslateMessage@CImgDisplay2@@UAEHPAUtagMSG@@@Z 00426560 f   ImgDisplay2.obj
 0001:000255e0       ?OnDestroy@CImgDisplay2@@IAEXXZ 004265e0 f   ImgDisplay2.obj
 0001:00025740       ?OnInitDialog@CImgDisplay2@@MAEHXZ 00426740 f   ImgDisplay2.obj
 0001:00025970       ?BitmapInit@CImgDisplay2@@QAEXXZ 00426970 f   ImgDisplay2.obj
 0001:00025cc0       ?ReSetBitmapInfo@CImgDisplay2@@QAEXHH@Z 00426cc0 f   ImgDisplay2.obj
 0001:00025ee0       ?OnPaint@CImgDisplay2@@IAEXXZ 00426ee0 f   ImgDisplay2.obj
 0001:00025fd0       ?ImgUpdate@CImgDisplay2@@QAEXPAE@Z 00426fd0 f   ImgDisplay2.obj
 0001:00026050       ?SetBuffer@CImgDisplay2@@QAEXPAE@Z 00427050 f   ImgDisplay2.obj
 0001:00026220       ?GetWorkMode@CEtcWindow@@QAEHXZ 00427220 f i ImgDisplay2.obj
 0001:00026260       ?ImageTanslate@CImgDisplay2@@QAEXHHPAE@Z 00427260 f   ImgDisplay2.obj
 0001:000263d0       ?Draw256Image@CImgDisplay2@@QAEXPAVCPaintDC@@PAE@Z 004273d0 f   ImgDisplay2.obj
 0001:000266a0       ?SettingParam@CImgDisplay2@@QAEXXZ 004276a0 f   ImgDisplay2.obj
 0001:000268c0       ?SelectDisplayType@CImgDisplay2@@QAEXXZ 004278c0 f   ImgDisplay2.obj
 0001:00026920       ?SetGridDisplayTag@CImgDisplay2@@QAEXH@Z 00427920 f i ImgDisplay2.obj
 0001:00026960       ?MakeCoordTable@CImgDisplay2@@QAEXXZ 00427960 f   ImgDisplay2.obj
 0001:00026fc0       ?MinuteToPixel@CImgDisplay2@@QAEXNNPAUtagPOINT@@@Z 00427fc0 f   ImgDisplay2.obj
 0001:000271f0       ?MakeGridCoord@CImgDisplay2@@QAEXXZ 004281f0 f   ImgDisplay2.obj
 0001:00027b50       ?DisplayGrid@CImgDisplay2@@QAEXPAVCDC@@@Z 00428b50 f   ImgDisplay2.obj
 0001:00028e30       ?ProcessThreeBeam@CImgDisplay2@@QAEHW4EN_TEST_MODE@@@Z 00429e30 f   ImgDisplay2.obj
 0001:00029730       ?ComputeDvdData@CImgDisplay2@@QAEXXZ 0042a730 f   ImgDisplay2.obj
 0001:00029a50       ?ComputeCDData@CImgDisplay2@@QAEXXZ 0042aa50 f   ImgDisplay2.obj
 0001:00029a80       ?ComputeAngle@CImgDisplay2@@QAENXZ 0042aa80 f   ImgDisplay2.obj
 0001:00029ac0       ?CheckErrorFlag@CImgDisplay2@@QAEHXZ 0042aac0 f   ImgDisplay2.obj
 0001:00029b80       ?ComputeGaussianCenter@CImgDisplay2@@QAEXUtagRECT@@UtagPOINT@@PAU3@@Z 0042ab80 f   ImgDisplay2.obj
 0001:00029e60       ?LDGaussian@CImgDisplay2@@QAENNNN@Z 0042ae60 f   ImgDisplay2.obj
 0001:00029ee0       ?ComputeCenter@CImgDisplay2@@QAENPANHHH@Z 0042aee0 f   ImgDisplay2.obj
 0001:0002a490       ?SaveBmp@CImgDisplay2@@QAEXPAVCBitmap@@PAD@Z 0042b490 f   ImgDisplay2.obj
 0001:0002a7c0       ?RunSaveBmp@CImgDisplay2@@QAEXPAD@Z 0042b7c0 f   ImgDisplay2.obj
 0001:0002ab00       ??0CImgDisplay3@@QAE@PAVCWnd@@@Z 0042bb00 f   ImgDisplay3.obj
 0001:0002ad10       ??_GCImgDisplay3@@UAEPAXI@Z 0042bd10 f i ImgDisplay3.obj
 0001:0002ad10       ??_ECImgDisplay3@@UAEPAXI@Z 0042bd10 f i ImgDisplay3.obj
 0001:0002ad80       ?DoDataExchange@CImgDisplay3@@MAEXPAVCDataExchange@@@Z 0042bd80 f   ImgDisplay3.obj
 0001:0002add0       ?_GetBaseMessageMap@CImgDisplay3@@KGPBUAFX_MSGMAP@@XZ 0042bdd0 f   ImgDisplay3.obj
 0001:0002ae00       ?GetMessageMap@CImgDisplay3@@MBEPBUAFX_MSGMAP@@XZ 0042be00 f   ImgDisplay3.obj
 0001:0002ae40       ?PreTranslateMessage@CImgDisplay3@@UAEHPAUtagMSG@@@Z 0042be40 f   ImgDisplay3.obj
 0001:0002aec0       ?BitmapInit@CImgDisplay3@@QAEXXZ 0042bec0 f   ImgDisplay3.obj
 0001:0002b210       ?ChangePallete@CImgDisplay3@@QAEXXZ 0042c210 f   ImgDisplay3.obj
 0001:0002b590       ?ReSetBitmapInfo@CImgDisplay3@@QAEXHH@Z 0042c590 f   ImgDisplay3.obj
 0001:0002b7b0       ?OnPaint@CImgDisplay3@@IAEXXZ 0042c7b0 f   ImgDisplay3.obj
 0001:0002b8a0       ?SetBuffer@CImgDisplay3@@QAEXPAE@Z 0042c8a0 f   ImgDisplay3.obj
 0001:0002b9a0       ?ImgUpdate@CImgDisplay3@@QAEXPAE@Z 0042c9a0 f   ImgDisplay3.obj
 0001:0002ba20       ?Draw256Image@CImgDisplay3@@QAEXPAVCPaintDC@@PAE@Z 0042ca20 f   ImgDisplay3.obj
 0001:0002bd30       ?Draw256Image@CImgDisplay3@@QAEXPAVCDC@@PAE@Z 0042cd30 f   ImgDisplay3.obj
 0001:0002c040       ?OnInitDialog@CImgDisplay3@@MAEHXZ 0042d040 f   ImgDisplay3.obj
 0001:0002c320       ?OnDestroy@CImgDisplay3@@IAEXXZ 0042d320 f   ImgDisplay3.obj
 0001:0002c4e0       ?SettingParam@CImgDisplay3@@QAEXXZ 0042d4e0 f   ImgDisplay3.obj
 0001:0002c720       ?DistanceToPixelPosX@CImgDisplay3@@QAEHN@Z 0042d720 f   ImgDisplay3.obj
 0001:0002c7b0       ?DistanceToPixelPosY@CImgDisplay3@@QAEHN@Z 0042d7b0 f   ImgDisplay3.obj
 0001:0002c840       ?MakeCoordTable@CImgDisplay3@@QAEXXZ 0042d840 f   ImgDisplay3.obj
 0001:0002ccb0       ?MakeGridCoord@CImgDisplay3@@QAEXXZ 0042dcb0 f   ImgDisplay3.obj
 0001:0002d610       ?DrawPallete@CImgDisplay3@@QAEXPAVCDC@@@Z 0042e610 f   ImgDisplay3.obj
 0001:0002d7c0       ?SelectDisplayType@CImgDisplay3@@QAEXXZ 0042e7c0 f   ImgDisplay3.obj
 0001:0002d820       ?SetGridDisplayTag@CImgDisplay3@@QAEXH@Z 0042e820 f i ImgDisplay3.obj
 0001:0002d860       ?MorphImage@CImgDisplay3@@QAEXPAE0UtagRECT@@@Z 0042e860 f   ImgDisplay3.obj
 0001:0002d960       ?HorizEdge@CImgDisplay3@@QAEXPAE0UtagRECT@@HH@Z 0042e960 f   ImgDisplay3.obj
 0001:0002db30       ?BeamDistributionAnalysis@CImgDisplay3@@QAEHHW4EN_TEST_MODE@@@Z 0042eb30 f   ImgDisplay3.obj
 0001:0002e390       ?CheckErrorFlag@CImgDisplay3@@QAEHXZ 0042f390 f   ImgDisplay3.obj
 0001:0002e3d0       ?ProcessBeamDistribution@CImgDisplay3@@QAEHH@Z 0042f3d0 f   ImgDisplay3.obj
 0001:0002eb70       ?GetGTLocation@CImgDisplay3@@QAEHUtagPOINT@@@Z 0042fb70 f   ImgDisplay3.obj
 0001:0002f060       ?SaveBmp@CImgDisplay3@@QAEXPAVCBitmap@@PAD@Z 00430060 f   ImgDisplay3.obj
 0001:0002f390       ?RunSaveBmp@CImgDisplay3@@QAEXPAD@Z 00430390 f   ImgDisplay3.obj
 0001:0002f6e0       ?OnLButtonDown@CImgDisplay3@@IAEXIVCPoint@@@Z 004306e0 f   ImgDisplay3.obj
 0001:0002f770       ?OnLButtonUp@CImgDisplay3@@IAEXIVCPoint@@@Z 00430770 f   ImgDisplay3.obj
 0001:0002f820       ?OnMouseMove@CImgDisplay3@@IAEXIVCPoint@@@Z 00430820 f   ImgDisplay3.obj
 0001:0002f940       ?OnRButtonDown@CImgDisplay3@@IAEXIVCPoint@@@Z 00430940 f   ImgDisplay3.obj
 0001:0002f9d0       ?DisplayGrid@CImgDisplay3@@QAEXPAVCDC@@@Z 004309d0 f   ImgDisplay3.obj
 0001:000308e0       ??0CVProjection@@QAE@PAVCWnd@@@Z 004318e0 f   VProjection.obj
 0001:00030a50       ??_ECVProjection@@UAEPAXI@Z 00431a50 f i VProjection.obj
 0001:00030a50       ??_GCVProjection@@UAEPAXI@Z 00431a50 f i VProjection.obj
 0001:00030ac0       ?DoDataExchange@CVProjection@@MAEXPAVCDataExchange@@@Z 00431ac0 f   VProjection.obj
 0001:00030b10       ?_GetBaseMessageMap@CVProjection@@KGPBUAFX_MSGMAP@@XZ 00431b10 f   VProjection.obj
 0001:00030b40       ?GetMessageMap@CVProjection@@MBEPBUAFX_MSGMAP@@XZ 00431b40 f   VProjection.obj
 0001:00030b80       ?PreTranslateMessage@CVProjection@@UAEHPAUtagMSG@@@Z 00431b80 f   VProjection.obj
 0001:00030c00       ?OnDestroy@CVProjection@@IAEXXZ 00431c00 f   VProjection.obj
 0001:00030c70       ?OnInitDialog@CVProjection@@MAEHXZ 00431c70 f   VProjection.obj
 0001:00030cd0       ?OnPaint@CVProjection@@IAEXXZ 00431cd0 f   VProjection.obj
 0001:00030d80       ?PaintEx@CVProjection@@QAEXXZ 00431d80 f   VProjection.obj
 0001:00030dd0       ?BitmapInit@CVProjection@@QAEXXZ 00431dd0 f   VProjection.obj
 0001:00030ff0       ?DrawGrid@CVProjection@@QAEXPAVCPaintDC@@@Z 00431ff0 f   VProjection.obj
 0001:000311e0       ?SetParam@CVProjection@@QAEXXZ 004321e0 f   VProjection.obj
 0001:00031290       ?NormGaussian@CVProjection@@QAENNNN@Z 00432290 f   VProjection.obj
 0001:00031330       ?LDGaussian@CVProjection@@QAENNNN@Z 00432330 f   VProjection.obj
 0001:000313b0       ?SetGaussianData@CVProjection@@QAEXPAEUtagPOINT@@1HHH@Z 004323b0 f   VProjection.obj
 0001:00031720       ?GetDistanceToPixel@CVProjection@@QAENN@Z 00432720 f i VProjection.obj
 0001:00031780       ?ReCompute@CVProjection@@QAEXNN@Z 00432780 f   VProjection.obj
 0001:000319d0       ?ComputeData@CVProjection@@QAEXPANHHN@Z 004329d0 f   VProjection.obj
 0001:00032470       ?RimLocate@CVProjection@@QAEXH@Z 00433470 f   VProjection.obj
 0001:000327b0       ?MakeColor@CVProjection@@QAEXXZ 004337b0 f   VProjection.obj
 0001:000328d0       ?DrawLevel@CVProjection@@QAEXPAVCDC@@H@Z 004338d0 f   VProjection.obj
 0001:00032a70       ?DrawGaussian@CVProjection@@QAEXPAVCDC@@@Z 00433a70 f   VProjection.obj
 0001:00033660       ?SortValue@CVProjection@@QAEXPANHHH@Z 00434660 f   VProjection.obj
 0001:000338a0       ??0CPasswdInput@@QAE@PAVCWnd@@@Z 004348a0 f   PasswdInput.obj
 0001:000339c0       ??_ECPasswdInput@@UAEPAXI@Z 004349c0 f i PasswdInput.obj
 0001:000339c0       ??_GCPasswdInput@@UAEPAXI@Z 004349c0 f i PasswdInput.obj
 0001:00033a30       ??1CPasswdInput@@UAE@XZ    00434a30 f i PasswdInput.obj
 0001:00033ac0       ?DoDataExchange@CPasswdInput@@MAEXPAVCDataExchange@@@Z 00434ac0 f   PasswdInput.obj
 0001:00033b30       ?_GetBaseMessageMap@CPasswdInput@@KGPBUAFX_MSGMAP@@XZ 00434b30 f   PasswdInput.obj
 0001:00033b60       ?GetMessageMap@CPasswdInput@@MBEPBUAFX_MSGMAP@@XZ 00434b60 f   PasswdInput.obj
 0001:00033ba0       ?PreTranslateMessage@CPasswdInput@@UAEHPAUtagMSG@@@Z 00434ba0 f   PasswdInput.obj
 0001:00033c40       ?OnDestroy@CPasswdInput@@IAEXXZ 00434c40 f   PasswdInput.obj
 0001:00033da0       ?OnInitDialog@CPasswdInput@@MAEHXZ 00434da0 f   PasswdInput.obj
 0001:00033fa0       ??0CBmpRgn@@QAE@PAVCWnd@@@Z 00434fa0 f i PasswdInput.obj
 0001:00033fe0       ?MakeControl@CPasswdInput@@QAEXXZ 00434fe0 f   PasswdInput.obj
 0001:00034360       ?OnPaint@CPasswdInput@@IAEXXZ 00435360 f   PasswdInput.obj
 0001:00034410       ??0CPasswdModify@@QAE@PAVCWnd@@@Z 00435410 f   PasswdModify.obj
 0001:00034560       ??_GCPasswdModify@@UAEPAXI@Z 00435560 f i PasswdModify.obj
 0001:00034560       ??_ECPasswdModify@@UAEPAXI@Z 00435560 f i PasswdModify.obj
 0001:000345d0       ??1CPasswdModify@@UAE@XZ   004355d0 f i PasswdModify.obj
 0001:00034680       ?DoDataExchange@CPasswdModify@@MAEXPAVCDataExchange@@@Z 00435680 f   PasswdModify.obj
 0001:00034710       ?_GetBaseMessageMap@CPasswdModify@@KGPBUAFX_MSGMAP@@XZ 00435710 f   PasswdModify.obj
 0001:00034740       ?GetMessageMap@CPasswdModify@@MBEPBUAFX_MSGMAP@@XZ 00435740 f   PasswdModify.obj
 0001:00034780       ?PreTranslateMessage@CPasswdModify@@UAEHPAUtagMSG@@@Z 00435780 f   PasswdModify.obj
 0001:00034820       ?OnInitDialog@CPasswdModify@@MAEHXZ 00435820 f   PasswdModify.obj
 0001:00034a20       ?MakeControl@CPasswdModify@@QAEXXZ 00435a20 f   PasswdModify.obj
 0001:00034e60       ?OnDestroy@CPasswdModify@@IAEXXZ 00435e60 f   PasswdModify.obj
 0001:00034fd0       ?OnPaint@CPasswdModify@@IAEXXZ 00435fd0 f   PasswdModify.obj
 0001:00035080       ?OnOK@CPasswdModify@@MAEXXZ 00436080 f   PasswdModify.obj
 0001:00035270       ??0CBottomBar@@QAE@PAVCWnd@@@Z 00436270 f   BottomBar.obj
 0001:000352e0       ??_GCBottomBar@@UAEPAXI@Z  004362e0 f i BottomBar.obj
 0001:000352e0       ??_ECBottomBar@@UAEPAXI@Z  004362e0 f i BottomBar.obj
 0001:00035350       ?DoDataExchange@CBottomBar@@MAEXPAVCDataExchange@@@Z 00436350 f   BottomBar.obj
 0001:000353a0       ?_GetBaseMessageMap@CBottomBar@@KGPBUAFX_MSGMAP@@XZ 004363a0 f   BottomBar.obj
 0001:000353d0       ?GetMessageMap@CBottomBar@@MBEPBUAFX_MSGMAP@@XZ 004363d0 f   BottomBar.obj
 0001:00035410       ?PreTranslateMessage@CBottomBar@@UAEHPAUtagMSG@@@Z 00436410 f   BottomBar.obj
 0001:00035490       ?OnInitDialog@CBottomBar@@MAEHXZ 00436490 f   BottomBar.obj
 0001:00035730       ?OnPaint@CBottomBar@@IAEXXZ 00436730 f   BottomBar.obj
 0001:000357e0       ?OnDestroy@CBottomBar@@IAEXXZ 004367e0 f   BottomBar.obj
 0001:000358d0       ??0CCtrlWindow@@QAE@PAVCWnd@@@Z 004368d0 f   CtrlWindow.obj
 0001:00035ac0       ??_GCCtrlWindow@@UAEPAXI@Z 00436ac0 f i CtrlWindow.obj
 0001:00035ac0       ??_ECCtrlWindow@@UAEPAXI@Z 00436ac0 f i CtrlWindow.obj
 0001:00035b30       ??_H@YGXPAXIHP6EX0@Z@Z     00436b30 f i CtrlWindow.obj
 0001:00035ba0       ?DoDataExchange@CCtrlWindow@@MAEXPAVCDataExchange@@@Z 00436ba0 f   CtrlWindow.obj
 0001:00035c10       ?_GetBaseMessageMap@CCtrlWindow@@KGPBUAFX_MSGMAP@@XZ 00436c10 f   CtrlWindow.obj
 0001:00035c40       ?GetMessageMap@CCtrlWindow@@MBEPBUAFX_MSGMAP@@XZ 00436c40 f   CtrlWindow.obj
 0001:00035c80       ?PreTranslateMessage@CCtrlWindow@@UAEHPAUtagMSG@@@Z 00436c80 f   CtrlWindow.obj
 0001:00035d10       ?OnInitDialog@CCtrlWindow@@MAEHXZ 00436d10 f   CtrlWindow.obj
 0001:00036650       ?MakeGui@CCtrlWindow@@QAEXXZ 00437650 f   CtrlWindow.obj
 0001:00036860       ?CheckBarcode@CCtrlWindow@@QAEXXZ 00437860 f   CtrlWindow.obj
 0001:00036920       ?OnPaint@CCtrlWindow@@IAEXXZ 00437920 f   CtrlWindow.obj
 0001:000369e0       ?OnDestroy@CCtrlWindow@@IAEXXZ 004379e0 f   CtrlWindow.obj
 0001:00036be0       ?OnButtonExit@CCtrlWindow@@IAEXXZ 00437be0 f   CtrlWindow.obj
 0001:00036e60       ?OnButtonGrab@CCtrlWindow@@IAEXXZ 00437e60 f   CtrlWindow.obj
 0001:00036ec0       ?OnButtonLive@CCtrlWindow@@IAEXXZ 00437ec0 f   CtrlWindow.obj
 0001:00036f40       ?OnButtonTest@CCtrlWindow@@IAEXXZ 00437f40 f   CtrlWindow.obj
 0001:00036fc0       ?OnButtonAuto@CCtrlWindow@@IAEXXZ 00437fc0 f   CtrlWindow.obj
 0001:00037040       ?OnButtonSave@CCtrlWindow@@IAEXXZ 00438040 f   CtrlWindow.obj
 0001:000370a0       ?OnButtonReset@CCtrlWindow@@IAEXXZ 004380a0 f   CtrlWindow.obj
 0001:00037170       ?ResetFindFlag@CImgDisplay@@QAEXXZ 00438170 f i CtrlWindow.obj
 0001:000371c0       ?ResetFindFlag@CImgDisplay2@@QAEXXZ 004381c0 f i CtrlWindow.obj
 0001:00037200       ?OnButtonRsave@CCtrlWindow@@IAEXXZ 00438200 f   CtrlWindow.obj
 0001:00037460       ?OnShowWindow@CCtrlWindow@@IAEXHI@Z 00438460 f   CtrlWindow.obj
 0001:000374f0       ?SetCursorToWindow@CCtrlWindow@@QAEXXZ 004384f0 f   CtrlWindow.obj
 0001:00037560       ?OnButtonCameraControl@CCtrlWindow@@IAEXXZ 00438560 f   CtrlWindow.obj
 0001:00037640       ?SetCamBD@CCameraControl@@QAEXPAVCImiTech@@@Z 00438640 f i CtrlWindow.obj
 0001:00037680       ??1CCameraControl@@UAE@XZ  00438680 f i CtrlWindow.obj
 0001:00037750       ?EnableButtons@CCtrlWindow@@QAEXHH@Z 00438750 f   CtrlWindow.obj
 0001:000377e0       ?CheckButtons@CCtrlWindow@@QAEXHH@Z 004387e0 f   CtrlWindow.obj
 0001:00037830       ?GetCrntMode@CCtrlWindow@@QAE?AW4EN_MODE@@XZ 00438830 f   CtrlWindow.obj
 0001:00037870       ?SetCrntMode@CCtrlWindow@@QAEXW4EN_MODE@@@Z 00438870 f   CtrlWindow.obj
 0001:00037980       ?OnTimer@CCtrlWindow@@IAEXI@Z 00438980 f   CtrlWindow.obj
 0001:00037be0       ?OnButtonSysmenuControl2@CCtrlWindow@@IAEXXZ 00438be0 f   CtrlWindow.obj
 0001:00037c40       ??0CTitleBar@@QAE@PAVCWnd@@@Z 00438c40 f   TitleBar.obj
 0001:00037db0       ??_GCTitleBar@@UAEPAXI@Z   00438db0 f i TitleBar.obj
 0001:00037db0       ??_ECTitleBar@@UAEPAXI@Z   00438db0 f i TitleBar.obj
 0001:00037e20       ?DoDataExchange@CTitleBar@@MAEXPAVCDataExchange@@@Z 00438e20 f   TitleBar.obj
 0001:00037e70       ?_GetBaseMessageMap@CTitleBar@@KGPBUAFX_MSGMAP@@XZ 00438e70 f   TitleBar.obj
 0001:00037ea0       ?GetMessageMap@CTitleBar@@MBEPBUAFX_MSGMAP@@XZ 00438ea0 f   TitleBar.obj
 0001:00037ee0       ?PreTranslateMessage@CTitleBar@@UAEHPAUtagMSG@@@Z 00438ee0 f   TitleBar.obj
 0001:00037f60       ?OnInitDialog@CTitleBar@@MAEHXZ 00438f60 f   TitleBar.obj
 0001:00038160       ?OnPaint@CTitleBar@@IAEXXZ 00439160 f   TitleBar.obj
 0001:00038210       ?OnDestroy@CTitleBar@@IAEXXZ 00439210 f   TitleBar.obj
 0001:00038380       ?MakeGui@CTitleBar@@QAEXXZ 00439380 f   TitleBar.obj
 0001:000386e0       ?OnTimer@CTitleBar@@IAEXI@Z 004396e0 f   TitleBar.obj
 0001:000387c0       ?SelectWindow@CTitleBar@@QAEXH@Z 004397c0 f   TitleBar.obj
 0001:00038b10       ?GetOrgRect@CImgDisplay3@@QAE?AVCRect@@XZ 00439b10 f i TitleBar.obj
 0001:00038b70       ?OnTitleButton1@CTitleBar@@IAEXXZ 00439b70 f   TitleBar.obj
 0001:00038bc0       ?OnTitleButton2@CTitleBar@@IAEXXZ 00439bc0 f   TitleBar.obj
 0001:00038c10       ?OnTitleButton3@CTitleBar@@IAEXXZ 00439c10 f   TitleBar.obj
 0001:00038c60       ??0CxSkinButtonEx@@QAE@XZ  00439c60 f   xSkinButtonEx.obj
 0001:00038e00       ??_ECxSkinButtonEx@@UAEPAXI@Z 00439e00 f i xSkinButtonEx.obj
 0001:00038e00       ??_GCxSkinButtonEx@@UAEPAXI@Z 00439e00 f i xSkinButtonEx.obj
 0001:00038e70       ??1CxSkinButtonEx@@UAE@XZ  00439e70 f   xSkinButtonEx.obj
 0001:00038fc0       ?_GetBaseMessageMap@CxSkinButtonEx@@KGPBUAFX_MSGMAP@@XZ 00439fc0 f   xSkinButtonEx.obj
 0001:00038ff0       ?GetMessageMap@CxSkinButtonEx@@MBEPBUAFX_MSGMAP@@XZ 00439ff0 f   xSkinButtonEx.obj
 0001:00039030       ?PreSubclassWindow@CxSkinButtonEx@@MAEXXZ 0043a030 f   xSkinButtonEx.obj
 0001:000390f0       ?OnEraseBkgnd@CxSkinButtonEx@@IAEHPAVCDC@@@Z 0043a0f0 f   xSkinButtonEx.obj
 0001:00039130       ?DrawItem@CxSkinButtonEx@@UAEXPAUtagDRAWITEMSTRUCT@@@Z 0043a130 f   xSkinButtonEx.obj
 0001:00039840       ?GetBitmapWidth@CxSkinButtonEx@@IAEHPAUHBITMAP__@@@Z 0043a840 f   xSkinButtonEx.obj
 0001:000398a0       ?GetBitmapHeight@CxSkinButtonEx@@IAEHPAUHBITMAP__@@@Z 0043a8a0 f   xSkinButtonEx.obj
 0001:00039900       ?DrawBitmap@CxSkinButtonEx@@IAEXPAVCDC@@PAUHBITMAP__@@UtagRECT@@H@Z 0043a900 f   xSkinButtonEx.obj
 0001:00039da0       ?FillWithBitmap@CxSkinButtonEx@@IAEXPAVCDC@@PAUHBITMAP__@@UtagRECT@@@Z 0043ada0 f   xSkinButtonEx.obj
 0001:00039f60       ?SetSkin@CxSkinButtonEx@@QAEXIIIIIIFFF@Z 0043af60 f   xSkinButtonEx.obj
 0001:0003a2a0       ?CreateRgnFromBitmap@CxSkinButtonEx@@IAEPAUHRGN__@@PAUHBITMAP__@@K@Z 0043b2a0 f   xSkinButtonEx.obj
 0001:0003a840       ?SetTextColor@CxSkinButtonEx@@QAEKK@Z 0043b840 f   xSkinButtonEx.obj
 0001:0003a8a0       ?SetToolTipText@CxSkinButtonEx@@QAEXVCString@@@Z 0043b8a0 f   xSkinButtonEx.obj
 0001:0003a9a0       ?RelayEvent@CxSkinButtonEx@@IAEXIIJ@Z 0043b9a0 f   xSkinButtonEx.obj
 0001:0003aa50       ?OnLButtonDblClk@CxSkinButtonEx@@IAEXIVCPoint@@@Z 0043ba50 f   xSkinButtonEx.obj
 0001:0003aad0       ?OnLButtonDown@CxSkinButtonEx@@IAEXIVCPoint@@@Z 0043bad0 f   xSkinButtonEx.obj
 0001:0003abd0       ?OnLButtonUp@CxSkinButtonEx@@IAEXIVCPoint@@@Z 0043bbd0 f   xSkinButtonEx.obj
 0001:0003ad20       ?OnMouseMove@CxSkinButtonEx@@IAEXIVCPoint@@@Z 0043bd20 f   xSkinButtonEx.obj
 0001:0003af10       ?OnMouseLeave@CxSkinButtonEx@@IAEJIJ@Z 0043bf10 f   xSkinButtonEx.obj
 0001:0003afa0       ?OnKillFocus@CxSkinButtonEx@@IAEXPAVCWnd@@@Z 0043bfa0 f   xSkinButtonEx.obj
 0001:0003b060       ?OnClicked@CxSkinButtonEx@@IAEHXZ 0043c060 f   xSkinButtonEx.obj
 0001:0003b110       ?OnRadioInfo@CxSkinButtonEx@@IAEJIJ@Z 0043c110 f   xSkinButtonEx.obj
 0001:0003b180       ?OnKeyDown@CxSkinButtonEx@@IAEXIII@Z 0043c180 f   xSkinButtonEx.obj
 0001:0003b230       ?OnBMSetCheck@CxSkinButtonEx@@IAEJIJ@Z 0043c230 f   xSkinButtonEx.obj
 0001:0003b3a0       ?OnBMGetCheck@CxSkinButtonEx@@IAEJIJ@Z 0043c3a0 f   xSkinButtonEx.obj
 0001:0003b3e0       ??0CEtcWindow@@QAE@PAVCWnd@@@Z 0043c3e0 f   EtcWindow.obj
 0001:0003b8c0       ??_GCEtcWindow@@UAEPAXI@Z  0043c8c0 f i EtcWindow.obj
 0001:0003b8c0       ??_ECEtcWindow@@UAEPAXI@Z  0043c8c0 f i EtcWindow.obj
 0001:0003b930       ??1CEtcWindow@@UAE@XZ      0043c930 f i EtcWindow.obj
 0001:0003b980       ?SetDefault@CEtcWindow@@QAEXXZ 0043c980 f   EtcWindow.obj
 0001:0003bb30       ?DoDataExchange@CEtcWindow@@MAEXPAVCDataExchange@@@Z 0043cb30 f   EtcWindow.obj
 0001:0003bd90       ?_GetBaseMessageMap@CEtcWindow@@KGPBUAFX_MSGMAP@@XZ 0043cd90 f   EtcWindow.obj
 0001:0003bdc0       ?GetMessageMap@CEtcWindow@@MBEPBUAFX_MSGMAP@@XZ 0043cdc0 f   EtcWindow.obj
 0001:0003be00       ?PreTranslateMessage@CEtcWindow@@UAEHPAUtagMSG@@@Z 0043ce00 f   EtcWindow.obj
 0001:0003be80       ?OnDestroy@CEtcWindow@@IAEXXZ 0043ce80 f   EtcWindow.obj
 0001:0003c650       ?OnInitDialog@CEtcWindow@@MAEHXZ 0043d650 f   EtcWindow.obj
 0001:0003c870       ?MakeGui_1@CEtcWindow@@QAEXXZ 0043d870 f   EtcWindow.obj
 0001:0003cc40       ?MakeGui_12@CEtcWindow@@QAEXXZ 0043dc40 f   EtcWindow.obj
 0001:0003ebf0       ?MakeGui_2@CEtcWindow@@QAEXXZ 0043fbf0 f   EtcWindow.obj
 0001:0003f210       ?OnPaint@CEtcWindow@@IAEXXZ 00440210 f   EtcWindow.obj
 0001:0003f2d0       ?GetData@CEtcWindow@@QAEXPAUSETTING_DATAEX@@@Z 004402d0 f   EtcWindow.obj
 0001:0003f540       ?SetData@CEtcWindow@@QAEXPAUSETTING_DATAEX@@@Z 00440540 f   EtcWindow.obj
 0001:0003f820       ?GetData2@CEtcWindow@@QAEXPAUSETTING_DATAEX2@@@Z 00440820 f   EtcWindow.obj
 0001:0003f8f0       ?SetData2@CEtcWindow@@QAEXPAUSETTING_DATAEX2@@@Z 004408f0 f   EtcWindow.obj
 0001:0003f9c0       ?LoadFile@CEtcWindow@@QAEHXZ 004409c0 f   EtcWindow.obj
 0001:0003fe50       ?SetOffset@CImgDisplay2@@QAEXNN@Z 00440e50 f i EtcWindow.obj
 0001:0003fec0       ?OnButtonSave@CEtcWindow@@IAEXXZ 00440ec0 f   EtcWindow.obj
 0001:00040180       ?OnButtonApply@CEtcWindow@@IAEXXZ 00441180 f   EtcWindow.obj
 0001:000402b0       ?DeltaPos@CEtcWindow@@QAEXPAUtagNMHDR@@PAJPAVCEdit@@PANNNN@Z 004412b0 f   EtcWindow.obj
 0001:00040430       ?DeltaPos@CEtcWindow@@QAEXPAUtagNMHDR@@PAJPAVCEdit@@PAHHHH@Z 00441430 f   EtcWindow.obj
 0001:000405a0       ?OnDeltaposSpinRoffset@CEtcWindow@@IAEXPAUtagNMHDR@@PAJ@Z 004415a0 f   EtcWindow.obj
 0001:000406a0       ?OnDeltaposSpinToffset@CEtcWindow@@IAEXPAUtagNMHDR@@PAJ@Z 004416a0 f   EtcWindow.obj
 0001:000407a0       ?OnButtonMastermode@CEtcWindow@@IAEXXZ 004417a0 f   EtcWindow.obj
 0001:00040840       ?UpdateViewWindowData@CEtcWindow@@QAEXXZ 00441840 f   EtcWindow.obj
 0001:00040920       ?OnDeltaposSpinEtc1@CEtcWindow@@IAEXPAUtagNMHDR@@PAJ@Z 00441920 f   EtcWindow.obj
 0001:000409d0       ?OnDeltaposSpinEtc2@CEtcWindow@@IAEXPAUtagNMHDR@@PAJ@Z 004419d0 f   EtcWindow.obj
 0001:00040a90       ?OnDeltaposSpinEtc3@CEtcWindow@@IAEXPAUtagNMHDR@@PAJ@Z 00441a90 f   EtcWindow.obj
 0001:00040b50       ?OnDeltaposSpinEtc4@CEtcWindow@@IAEXPAUtagNMHDR@@PAJ@Z 00441b50 f   EtcWindow.obj
 0001:00040c60       ?OnDeltaposSpinEtc5@CEtcWindow@@IAEXPAUtagNMHDR@@PAJ@Z 00441c60 f   EtcWindow.obj
 0001:00040e30       ?OnDeltaposSpinEtc6@CEtcWindow@@IAEXPAUtagNMHDR@@PAJ@Z 00441e30 f   EtcWindow.obj
 0001:00040ec0       ?OnDeltaposSpinEtc7@CEtcWindow@@IAEXPAUtagNMHDR@@PAJ@Z 00441ec0 f   EtcWindow.obj
 0001:00040f50       ?OnDeltaposSpinEtc8@CEtcWindow@@IAEXPAUtagNMHDR@@PAJ@Z 00441f50 f   EtcWindow.obj
 0001:00040fe0       ?OnCheckEtcRoi@CEtcWindow@@IAEXXZ 00441fe0 f   EtcWindow.obj
 0001:000410c0       ?SetRoiFlag@CImgDisplay3@@QAEXH@Z 004420c0 f i EtcWindow.obj
 0001:00041100       ?OnSelchangeCombo1@CEtcWindow@@IAEXXZ 00442100 f   EtcWindow.obj
 0001:00041190       ?OnDeltaposSpinEtc9@CEtcWindow@@IAEXPAUtagNMHDR@@PAJ@Z 00442190 f   EtcWindow.obj
 0001:00041220       ?OnDeltaposSpinEtc10@CEtcWindow@@IAEXPAUtagNMHDR@@PAJ@Z 00442220 f   EtcWindow.obj
 0001:000412b0       ?OnDeltaposSpinEtc11@CEtcWindow@@IAEXPAUtagNMHDR@@PAJ@Z 004422b0 f   EtcWindow.obj
 0001:00041340       ?OnDeltaposSpinEtc12@CEtcWindow@@IAEXPAUtagNMHDR@@PAJ@Z 00442340 f   EtcWindow.obj
 0001:000413d0       ?OnDeltaposSpinEtc13@CEtcWindow@@IAEXPAUtagNMHDR@@PAJ@Z 004423d0 f   EtcWindow.obj
 0001:00041450       ?OnDeltaposSpinEtc14@CEtcWindow@@IAEXPAUtagNMHDR@@PAJ@Z 00442450 f   EtcWindow.obj
 0001:000414d0       ?OnDeltaposSpinEtc15@CEtcWindow@@IAEXPAUtagNMHDR@@PAJ@Z 004424d0 f   EtcWindow.obj
 0001:00041560       ?OnDeltaposSpinEtc16@CEtcWindow@@IAEXPAUtagNMHDR@@PAJ@Z 00442560 f   EtcWindow.obj
 0001:000415f0       ??0CSetupWin@@QAE@PAVCWnd@@@Z 004425f0 f   SetupWin.obj
 0001:00041dc0       ??_ECSetupWin@@UAEPAXI@Z   00442dc0 f i SetupWin.obj
 0001:00041dc0       ??_GCSetupWin@@UAEPAXI@Z   00442dc0 f i SetupWin.obj
 0001:00041e30       ??1CSetupWin@@UAE@XZ       00442e30 f i SetupWin.obj
 0001:00041e80       ?DoDataExchange@CSetupWin@@MAEXPAVCDataExchange@@@Z 00442e80 f   SetupWin.obj
 0001:000423b0       ?_GetBaseMessageMap@CSetupWin@@KGPBUAFX_MSGMAP@@XZ 004433b0 f   SetupWin.obj
 0001:000423e0       ?GetMessageMap@CSetupWin@@MBEPBUAFX_MSGMAP@@XZ 004433e0 f   SetupWin.obj
 0001:00042420       ?PreTranslateMessage@CSetupWin@@UAEHPAUtagMSG@@@Z 00443420 f   SetupWin.obj
 0001:000424a0       ?OnDestroy@CSetupWin@@IAEXXZ 004434a0 f   SetupWin.obj
 0001:00043270       ?OnInitDialog@CSetupWin@@MAEHXZ 00444270 f   SetupWin.obj
 0001:00043470       ?MakeGui@CSetupWin@@QAEXXZ 00444470 f   SetupWin.obj
 0001:000465c0       ?OnPaint@CSetupWin@@IAEXXZ 004475c0 f   SetupWin.obj
 0001:00046680       ?GetSettingData@CSetupWin@@QAEXXZ 00447680 f   SetupWin.obj
 0001:00046dc0       ?SetSettingData@CSetupWin@@QAEXXZ 00447dc0 f   SetupWin.obj
 0001:00047610       ?SetABSCenter@CSetupWin@@QAEXXZ 00448610 f   SetupWin.obj
 0001:000476b0       ?SaveSettingFile@CSetupWin@@QAEXXZ 004486b0 f   SetupWin.obj
 0001:00047800       ?OnButtonPasswd@CSetupWin@@IAEXXZ 00448800 f   SetupWin.obj
 0001:00047930       ?OnButtonSetupApply@CSetupWin@@IAEXXZ 00448930 f   SetupWin.obj
 0001:00047980       ?OnButtonSetupSave@CSetupWin@@IAEXXZ 00448980 f   SetupWin.obj
 0001:00047a60       ?OnButtonSetupDefault@CSetupWin@@IAEXXZ 00448a60 f   SetupWin.obj
 0001:00047ec0       ?ReadSettingFile@CSetupWin@@QAEHXZ 00448ec0 f   SetupWin.obj
 0001:00048280       ?SettingDataCheck@CSetupWin@@QAEXXZ 00449280 f   SetupWin.obj
 0001:00048c70       ?UpdateViewWindowData@CSetupWin@@QAEXXZ 00449c70 f   SetupWin.obj
 0001:00048da0       ?DeltaposSpin@CSetupWin@@QAEXPAUtagNMHDR@@PAJPAVCEdit@@PAHHHH@Z 00449da0 f   SetupWin.obj
 0001:00048f10       ?DeltaposSpin@CSetupWin@@QAEXPAUtagNMHDR@@PAJPAVCEdit@@PANNNN@Z 00449f10 f   SetupWin.obj
 0001:00049090       ?OnDeltaposSpinMinute@CSetupWin@@IAEXPAUtagNMHDR@@PAJ@Z 0044a090 f   SetupWin.obj
 0001:00049110       ?OnDeltaposSpinPixel@CSetupWin@@IAEXPAUtagNMHDR@@PAJ@Z 0044a110 f   SetupWin.obj
 0001:00049190       ?OnDeltaposSpinRdir@CSetupWin@@IAEXPAUtagNMHDR@@PAJ@Z 0044a190 f   SetupWin.obj
 0001:00049210       ?OnDeltaposSpinTdir@CSetupWin@@IAEXPAUtagNMHDR@@PAJ@Z 0044a210 f   SetupWin.obj
 0001:00049290       ?OnDeltaposSpinDisptype@CSetupWin@@IAEXPAUtagNMHDR@@PAJ@Z 0044a290 f   SetupWin.obj
 0001:00049310       ?OnDeltaposSpinPdist@CSetupWin@@IAEXPAUtagNMHDR@@PAJ@Z 0044a310 f   SetupWin.obj
 0001:000493a0       ?OnDeltaposSpinPdist2@CSetupWin@@IAEXPAUtagNMHDR@@PAJ@Z 0044a3a0 f   SetupWin.obj
 0001:00049430       ?OnDeltaposSpinDeckthr@CSetupWin@@IAEXPAUtagNMHDR@@PAJ@Z 0044a430 f   SetupWin.obj
 0001:00049540       ?OnDeltaposSpinBsize@CSetupWin@@IAEXPAUtagNMHDR@@PAJ@Z 0044a540 f   SetupWin.obj
 0001:000495e0       ?OnDeltaposSpinBpixel@CSetupWin@@IAEXPAUtagNMHDR@@PAJ@Z 0044a5e0 f   SetupWin.obj
 0001:00049660       ?OnDeltaposSpinBdisp@CSetupWin@@IAEXPAUtagNMHDR@@PAJ@Z 0044a660 f   SetupWin.obj
 0001:00049720       ?OnDeltaposSpinBthr@CSetupWin@@IAEXPAUtagNMHDR@@PAJ@Z 0044a720 f   SetupWin.obj
 0001:00049830       ?OnDeltaposSpinPthr@CSetupWin@@IAEXPAUtagNMHDR@@PAJ@Z 0044a830 f   SetupWin.obj
 0001:00049940       ?OnDeltaposSpinOlsize@CSetupWin@@IAEXPAUtagNMHDR@@PAJ@Z 0044a940 f   SetupWin.obj
 0001:000499d0       ?OnDeltaposSpinLoc@CSetupWin@@IAEXPAUtagNMHDR@@PAJ@Z 0044a9d0 f   SetupWin.obj
 0001:00049a60       ?OnDeltaposSpinPara@CSetupWin@@IAEXPAUtagNMHDR@@PAJ@Z 0044aa60 f   SetupWin.obj
 0001:00049af0       ?OnDeltaposSpinWidthcorrect@CSetupWin@@IAEXPAUtagNMHDR@@PAJ@Z 0044aaf0 f   SetupWin.obj
 0001:00049be0       ?OnDeltaposSpinWidthcorrect2@CSetupWin@@IAEXPAUtagNMHDR@@PAJ@Z 0044abe0 f   SetupWin.obj
 0001:00049cd0       ?OnDeltaposSpinDatathr@CSetupWin@@IAEXPAUtagNMHDR@@PAJ@Z 0044acd0 f   SetupWin.obj
 0001:00049e00       ?OnDeltaposSpinRimp@CSetupWin@@IAEXPAUtagNMHDR@@PAJ@Z 0044ae00 f   SetupWin.obj
 0001:00049e90       ?OnDeltaposSpinRimlocate@CSetupWin@@IAEXPAUtagNMHDR@@PAJ@Z 0044ae90 f   SetupWin.obj
 0001:00049f70       ?OnDeltaposSpinPdata@CSetupWin@@IAEXPAUtagNMHDR@@PAJ@Z 0044af70 f   SetupWin.obj
 0001:0004a000       ?OnDeltaposSpinRiminspect@CSetupWin@@IAEXPAUtagNMHDR@@PAJ@Z 0044b000 f   SetupWin.obj
 0001:0004a120       ?OnDeltaposSpinDiac@CSetupWin@@IAEXPAUtagNMHDR@@PAJ@Z 0044b120 f   SetupWin.obj
 0001:0004a1b0       ?OnDeltaposSpinDial@CSetupWin@@IAEXPAUtagNMHDR@@PAJ@Z 0044b1b0 f   SetupWin.obj
 0001:0004a240       ?OnDeltaposSpinDiah@CSetupWin@@IAEXPAUtagNMHDR@@PAJ@Z 0044b240 f   SetupWin.obj
 0001:0004a2d0       ?OnDeltaposSpinTiltc@CSetupWin@@IAEXPAUtagNMHDR@@PAJ@Z 0044b2d0 f   SetupWin.obj
 0001:0004a360       ?OnDeltaposSpinTiltl@CSetupWin@@IAEXPAUtagNMHDR@@PAJ@Z 0044b360 f   SetupWin.obj
 0001:0004a3f0       ?OnDeltaposSpinTilth@CSetupWin@@IAEXPAUtagNMHDR@@PAJ@Z 0044b3f0 f   SetupWin.obj
 0001:0004a480       ?OnCheckButtonAlimit@CSetupWin@@IAEXXZ 0044b480 f   SetupWin.obj
 0001:0004a4f0       ?OnCheckButtonDiameter@CSetupWin@@IAEXXZ 0044b4f0 f   SetupWin.obj
 0001:0004a560       ?OnCheckButtonDistance@CSetupWin@@IAEXXZ 0044b560 f   SetupWin.obj
 0001:0004a5d0       ?OnCheckButtonParallelism@CSetupWin@@IAEXXZ 0044b5d0 f   SetupWin.obj
 0001:0004a640       ?OnCheckButtonRim@CSetupWin@@IAEXXZ 0044b640 f   SetupWin.obj
 0001:0004a6b0       ?OnCheckButtonTilt@CSetupWin@@IAEXXZ 0044b6b0 f   SetupWin.obj
 0001:0004a720       ?OnCheckButtonPdist@CSetupWin@@IAEXXZ 0044b720 f   SetupWin.obj
 0001:0004a790       ?OnCheckButtonRim2@CSetupWin@@IAEXXZ 0044b790 f   SetupWin.obj
 0001:0004a800       ?OnDeltaposSpinError@CSetupWin@@IAEXPAUtagNMHDR@@PAJ@Z 0044b800 f   SetupWin.obj
 0001:0004a890       ?OnDeltaposSpinError2@CSetupWin@@IAEXPAUtagNMHDR@@PAJ@Z 0044b890 f   SetupWin.obj
 0001:0004a920       ?OnDeltaposSpinError3@CSetupWin@@IAEXPAUtagNMHDR@@PAJ@Z 0044b920 f   SetupWin.obj
 0001:0004a9b0       ?OnDeltaposSpinError4@CSetupWin@@IAEXPAUtagNMHDR@@PAJ@Z 0044b9b0 f   SetupWin.obj
 0001:0004aa40       ?OnOutofmemorySpinError5@CSetupWin@@IAEXPAUtagNMHDR@@PAJ@Z 0044ba40 f   SetupWin.obj
 0001:0004aad0       ?OnOutofmemorySpinError6@CSetupWin@@IAEXPAUtagNMHDR@@PAJ@Z 0044bad0 f   SetupWin.obj
 0001:0004ab60       ?OnOutofmemorySpinError7@CSetupWin@@IAEXPAUtagNMHDR@@PAJ@Z 0044bb60 f   SetupWin.obj
 0001:0004abf0       ?OnOutofmemorySpinError8@CSetupWin@@IAEXPAUtagNMHDR@@PAJ@Z 0044bbf0 f   SetupWin.obj
 0001:0004ac80       ??0C3DModelWindow@@QAE@PAVCWnd@@@Z 0044bc80 f   3DModelWindow.obj
 0001:0004ae90       ??_GC3DModelWindow@@UAEPAXI@Z 0044be90 f i 3DModelWindow.obj
 0001:0004ae90       ??_EC3DModelWindow@@UAEPAXI@Z 0044be90 f i 3DModelWindow.obj
 0001:0004af00       ??1C3DModelWindow@@UAE@XZ  0044bf00 f i 3DModelWindow.obj
 0001:0004af90       ??1COpenGl3D@@UAE@XZ       0044bf90 f i 3DModelWindow.obj
 0001:0004b040       ?DoDataExchange@C3DModelWindow@@MAEXPAVCDataExchange@@@Z 0044c040 f   3DModelWindow.obj
 0001:0004b210       ?_GetBaseMessageMap@C3DModelWindow@@KGPBUAFX_MSGMAP@@XZ 0044c210 f   3DModelWindow.obj
 0001:0004b240       ?GetMessageMap@C3DModelWindow@@MBEPBUAFX_MSGMAP@@XZ 0044c240 f   3DModelWindow.obj
 0001:0004b280       ?PreTranslateMessage@C3DModelWindow@@UAEHPAUtagMSG@@@Z 0044c280 f   3DModelWindow.obj
 0001:0004b300       ?OnDestroy@C3DModelWindow@@IAEXXZ 0044c300 f   3DModelWindow.obj
 0001:0004b5b0       ?OnInitDialog@C3DModelWindow@@MAEHXZ 0044c5b0 f   3DModelWindow.obj
 0001:0004ba20       ?SetOrgRect@COpenGl3D@@QAEXVCRect@@@Z 0044ca20 f i 3DModelWindow.obj
 0001:0004ba80       ?SetBufSize@COpenGl3D@@QAEXHH@Z 0044ca80 f i 3DModelWindow.obj
 0001:0004bad0       ?ChangeModelWindowView@C3DModelWindow@@QAEXH@Z 0044cad0 f   3DModelWindow.obj
 0001:0004bb30       ?OnPaint@C3DModelWindow@@IAEXXZ 0044cb30 f   3DModelWindow.obj
 0001:0004bbe0       ?SetBuffer@C3DModelWindow@@QAEXPAE@Z 0044cbe0 f   3DModelWindow.obj
 0001:0004bc40       ?MakeViewParamWindow@C3DModelWindow@@QAEXXZ 0044cc40 f   3DModelWindow.obj
 0001:0004c200       ?GetParam@C3DModelWindow@@QAEXXZ 0044d200 f   3DModelWindow.obj
 0001:0004c3e0       ?SetFillMode@COpenGl3D@@QAEXH@Z 0044d3e0 f i 3DModelWindow.obj
 0001:0004c420       ?SetZoom@COpenGl3D@@QAEXM@Z 0044d420 f i 3DModelWindow.obj
 0001:0004c460       ?SetLightParam@COpenGl3D@@QAEXPAH@Z 0044d460 f i 3DModelWindow.obj
 0001:0004c4c0       ?SetParam@C3DModelWindow@@QAEXXZ 0044d4c0 f   3DModelWindow.obj
 0001:0004c680       ?ReadParam@C3DModelWindow@@QAEXXZ 0044d680 f   3DModelWindow.obj
 0001:0004c750       ?SaveParam@C3DModelWindow@@QAEXXZ 0044d750 f   3DModelWindow.obj
 0001:0004c810       ?On3dmodelSave@C3DModelWindow@@IAEXXZ 0044d810 f   3DModelWindow.obj
 0001:0004c860       ?OnDeltaposSpinFillMode@C3DModelWindow@@IAEXPAUtagNMHDR@@PAJ@Z 0044d860 f   3DModelWindow.obj
 0001:0004ca10       ?OnDeltaposSpinZTrans@C3DModelWindow@@IAEXPAUtagNMHDR@@PAJ@Z 0044da10 f   3DModelWindow.obj
 0001:0004cbe0       ?OnDeltaposSpinLightXPos@C3DModelWindow@@IAEXPAUtagNMHDR@@PAJ@Z 0044dbe0 f   3DModelWindow.obj
 0001:0004cd90       ?OnDeltaposSpinLightYPos@C3DModelWindow@@IAEXPAUtagNMHDR@@PAJ@Z 0044dd90 f   3DModelWindow.obj
 0001:0004cf40       ?OnDeltaposSpinLightZPos@C3DModelWindow@@IAEXPAUtagNMHDR@@PAJ@Z 0044df40 f   3DModelWindow.obj
 0001:0004d0f0       ?OnDeltaposSpinAmbientLight@C3DModelWindow@@IAEXPAUtagNMHDR@@PAJ@Z 0044e0f0 f   3DModelWindow.obj
 0001:0004d2a0       ?OnDeltaposSpinDiffuseLight@C3DModelWindow@@IAEXPAUtagNMHDR@@PAJ@Z 0044e2a0 f   3DModelWindow.obj
 0001:0004d450       ?OnDeltaposSpinSpecularLight@C3DModelWindow@@IAEXPAUtagNMHDR@@PAJ@Z 0044e450 f   3DModelWindow.obj
 0001:0004d600       ?OnDeltaposSpinAmbientMaterial@C3DModelWindow@@IAEXPAUtagNMHDR@@PAJ@Z 0044e600 f   3DModelWindow.obj
 0001:0004d7b0       ?OnDeltaposSpinDiffuseMaterial@C3DModelWindow@@IAEXPAUtagNMHDR@@PAJ@Z 0044e7b0 f   3DModelWindow.obj
 0001:0004d960       ?OnDeltaposSpinSpecularMaterial@C3DModelWindow@@IAEXPAUtagNMHDR@@PAJ@Z 0044e960 f   3DModelWindow.obj
 0001:0004db10       ?OnDeltaposSpinShinness@C3DModelWindow@@IAEXPAUtagNMHDR@@PAJ@Z 0044eb10 f   3DModelWindow.obj
 0001:0004dcc0       ?OnDeltaposSpinEmission@C3DModelWindow@@IAEXPAUtagNMHDR@@PAJ@Z 0044ecc0 f   3DModelWindow.obj
 0001:0004de70       ?OnButtonSysmenu3dmodel@C3DModelWindow@@IAEXXZ 0044ee70 f   3DModelWindow.obj
 0001:0004def0       ??1?$vector@VCPoint3D@@V?$allocator@VCPoint3D@@@std@@@std@@QAE@XZ 0044eef0 f i 3DModelWindow.obj
 0001:0004dfa0       ?_Destroy@?$vector@VCPoint3D@@V?$allocator@VCPoint3D@@@std@@@std@@IAEXPAVCPoint3D@@0@Z 0044efa0 f i 3DModelWindow.obj
 0001:0004e010       ?deallocate@?$allocator@VCPoint3D@@@std@@QAEXPAXI@Z 0044f010 f i 3DModelWindow.obj
 0001:0004e060       ?destroy@?$allocator@VCPoint3D@@@std@@QAEXPAVCPoint3D@@@Z 0044f060 f i 3DModelWindow.obj
 0001:0004e0b0       ?_Destroy@std@@YAXPAVCPoint3D@@@Z 0044f0b0 f i 3DModelWindow.obj
 0001:0004e0e0       ??0COpenGl3D@@QAE@PAVCWnd@@@Z 0044f0e0 f   OpenGl3D.obj
 0001:0004e360       ??_ECOpenGl3D@@UAEPAXI@Z   0044f360 f i OpenGl3D.obj
 0001:0004e360       ??_GCOpenGl3D@@UAEPAXI@Z   0044f360 f i OpenGl3D.obj
 0001:0004e3d0       ?DoDataExchange@COpenGl3D@@MAEXPAVCDataExchange@@@Z 0044f3d0 f   OpenGl3D.obj
 0001:0004e420       ?_GetBaseMessageMap@COpenGl3D@@KGPBUAFX_MSGMAP@@XZ 0044f420 f   OpenGl3D.obj
 0001:0004e450       ?GetMessageMap@COpenGl3D@@MBEPBUAFX_MSGMAP@@XZ 0044f450 f   OpenGl3D.obj
 0001:0004e490       ?OpenGlInit@COpenGl3D@@QAEXXZ 0044f490 f   OpenGl3D.obj
 0001:0004e690       ?OnCreate@COpenGl3D@@IAEHPAUtagCREATESTRUCTA@@@Z 0044f690 f   OpenGl3D.obj
 0001:0004e6f0       ?OnInitDialog@COpenGl3D@@MAEHXZ 0044f6f0 f   OpenGl3D.obj
 0001:0004eab0       ?OnDestroy@COpenGl3D@@IAEXXZ 0044fab0 f   OpenGl3D.obj
 0001:0004eb70       ?SetBuffer@COpenGl3D@@QAEXPAE@Z 0044fb70 f   OpenGl3D.obj
 0001:0004eca0       ?SetGraphicColor@COpenGl3D@@QAEXXZ 0044fca0 f   OpenGl3D.obj
 0001:0004edd0       ??0CPoint3D@@QAE@XZ        0044fdd0 f i OpenGl3D.obj
 0001:0004ee30       ??0CPoint3D@@QAE@MMM@Z     0044fe30 f i OpenGl3D.obj
 0001:0004ee90       ??4CPoint3D@@QAEAAV0@ABV0@@Z 0044fe90 f i OpenGl3D.obj
 0001:0004eef0       ?OnPaint@COpenGl3D@@IAEXXZ 0044fef0 f   OpenGl3D.obj
 0001:0004f0b0       ?PreTranslateMessage@COpenGl3D@@UAEHPAUtagMSG@@@Z 004500b0 f   OpenGl3D.obj
 0001:0004f130       ?SetBkColor@COpenGl3D@@QAEXXZ 00450130 f   OpenGl3D.obj
 0001:0004f220       ?DrawScene@COpenGl3D@@QAEXXZ 00450220 f   OpenGl3D.obj
 0001:0004f8b0       ?LimitAngles@COpenGl3D@@QAEXXZ 004508b0 f   OpenGl3D.obj
 0001:0004f9d0       ?OnLButtonDown@COpenGl3D@@IAEXIVCPoint@@@Z 004509d0 f   OpenGl3D.obj
 0001:0004fa70       ?OnRButtonDown@COpenGl3D@@IAEXIVCPoint@@@Z 00450a70 f   OpenGl3D.obj
 0001:0004fae0       ?OnMouseMove@COpenGl3D@@IAEXIVCPoint@@@Z 00450ae0 f   OpenGl3D.obj
 0001:0004fd00       ?OnLButtonUp@COpenGl3D@@IAEXIVCPoint@@@Z 00450d00 f   OpenGl3D.obj
 0001:0004fdf0       ?OnRButtonUp@COpenGl3D@@IAEXIVCPoint@@@Z 00450df0 f   OpenGl3D.obj
 0001:0004fe60       ?OnTimer@COpenGl3D@@IAEXI@Z 00450e60 f   OpenGl3D.obj
 0001:0004ff00       ?DefaultGraphic@COpenGl3D@@QAEXXZ 00450f00 f   OpenGl3D.obj
 0001:000500f0       ?SetGraphPoints@COpenGl3D@@QAEXPAEK@Z 004510f0 f   OpenGl3D.obj
 0001:00050520       ?MinMax@@YAXMAAM0@Z        00451520 f i OpenGl3D.obj
 0001:00050590       ?SetLight@COpenGl3D@@QAEXXZ 00451590 f   OpenGl3D.obj
 0001:00050990       ?PreCreateWindow@COpenGl3D@@MAEHAAUtagCREATESTRUCTA@@@Z 00451990 f   OpenGl3D.obj
 0001:00050a00       ?OnSize@COpenGl3D@@IAEXIHH@Z 00451a00 f   OpenGl3D.obj
 0001:00050b20       ?ChangeFillMode@COpenGl3D@@QAEXH@Z 00451b20 f   OpenGl3D.obj
 0001:00050bc0       ?ChangeZTrans@COpenGl3D@@QAEXM@Z 00451bc0 f   OpenGl3D.obj
 0001:00050c20       ?ChangeLightXPos@COpenGl3D@@QAEXH@Z 00451c20 f   OpenGl3D.obj
 0001:00050c80       ?ChangeLightYPos@COpenGl3D@@QAEXH@Z 00451c80 f   OpenGl3D.obj
 0001:00050ce0       ?ChangeLightZPos@COpenGl3D@@QAEXH@Z 00451ce0 f   OpenGl3D.obj
 0001:00050d40       ?ChangeLightAmbient@COpenGl3D@@QAEXH@Z 00451d40 f   OpenGl3D.obj
 0001:00050da0       ?ChangeLightDiffuse@COpenGl3D@@QAEXH@Z 00451da0 f   OpenGl3D.obj
 0001:00050e00       ?ChangeLightSpecular@COpenGl3D@@QAEXH@Z 00451e00 f   OpenGl3D.obj
 0001:00050e60       ?ChangeLightAmbientMaterial@COpenGl3D@@QAEXH@Z 00451e60 f   OpenGl3D.obj
 0001:00050ec0       ?ChangeLightDiffuseMaterial@COpenGl3D@@QAEXH@Z 00451ec0 f   OpenGl3D.obj
 0001:00050f20       ?ChangeLightSpecularMaterial@COpenGl3D@@QAEXH@Z 00451f20 f   OpenGl3D.obj
 0001:00050f80       ?ChangeLightShinness@COpenGl3D@@QAEXH@Z 00451f80 f   OpenGl3D.obj
 0001:00050fe0       ?ChangeLightEmission@COpenGl3D@@QAEXH@Z 00451fe0 f   OpenGl3D.obj
 0001:00051040       ??0?$vector@VCPoint3D@@V?$allocator@VCPoint3D@@@std@@@std@@QAE@ABV?$allocator@VCPoint3D@@@1@@Z 00452040 f i OpenGl3D.obj
 0001:000510b0       ?resize@?$vector@VCPoint3D@@V?$allocator@VCPoint3D@@@std@@@std@@QAEXIABVCPoint3D@@@Z 004520b0 f i OpenGl3D.obj
 0001:00051170       ?empty@?$vector@VCPoint3D@@V?$allocator@VCPoint3D@@@std@@@std@@QBE_NXZ 00452170 f i OpenGl3D.obj
 0001:000511c0       ??A?$vector@VCPoint3D@@V?$allocator@VCPoint3D@@@std@@@std@@QAEAAVCPoint3D@@I@Z 004521c0 f i OpenGl3D.obj
 0001:00051210       ?begin@?$vector@VCPoint3D@@V?$allocator@VCPoint3D@@@std@@@std@@QAEPAVCPoint3D@@XZ 00452210 f i OpenGl3D.obj
 0001:00051250       ?end@?$vector@VCPoint3D@@V?$allocator@VCPoint3D@@@std@@@std@@QAEPAVCPoint3D@@XZ 00452250 f i OpenGl3D.obj
 0001:00051290       ?size@?$vector@VCPoint3D@@V?$allocator@VCPoint3D@@@std@@@std@@QBEIXZ 00452290 f i OpenGl3D.obj
 0001:00051300       ?insert@?$vector@VCPoint3D@@V?$allocator@VCPoint3D@@@std@@@std@@QAEXPAVCPoint3D@@IABV3@@Z 00452300 f i OpenGl3D.obj
 0001:00051600       ?erase@?$vector@VCPoint3D@@V?$allocator@VCPoint3D@@@std@@@std@@QAEPAVCPoint3D@@PAV3@0@Z 00452600 f i OpenGl3D.obj
 0001:00051690       ?_Ucopy@?$vector@VCPoint3D@@V?$allocator@VCPoint3D@@@std@@@std@@IAEPAVCPoint3D@@PBV3@0PAV3@@Z 00452690 f i OpenGl3D.obj
 0001:00051710       ?_Ufill@?$vector@VCPoint3D@@V?$allocator@VCPoint3D@@@std@@@std@@IAEXPAVCPoint3D@@IABV3@@Z 00452710 f i OpenGl3D.obj
 0001:00051790       ?allocate@?$allocator@VCPoint3D@@@std@@QAEPAVCPoint3D@@IPBX@Z 00452790 f i OpenGl3D.obj
 0001:000517e0       ?construct@?$allocator@VCPoint3D@@@std@@QAEXPAVCPoint3D@@ABV3@@Z 004527e0 f i OpenGl3D.obj
 0001:00051830       ?fill@std@@YAXPAVCPoint3D@@0ABV2@@Z 00452830 f i OpenGl3D.obj
 0001:00051890       ?copy_backward@std@@YAPAVCPoint3D@@PAV2@00@Z 00452890 f i OpenGl3D.obj
 0001:00051900       ?copy@std@@YAPAVCPoint3D@@PAV2@00@Z 00452900 f i OpenGl3D.obj
 0001:00051970       ?_Allocate@std@@YAPAVCPoint3D@@HPAV2@@Z 00452970 f i OpenGl3D.obj
 0001:000519d0       ?_Construct@std@@YAXPAVCPoint3D@@ABV2@@Z 004529d0 f i OpenGl3D.obj
 0001:00051a80       ??0CPoint3D@@QAE@ABV0@@Z   00452a80 f i OpenGl3D.obj
 0001:00051ad0       ??3@YAXPAX0@Z              00452ad0 f i OpenGl3D.obj
 0001:00051b00       ??0TabWindow@@QAE@PAVCWnd@@@Z 00452b00 f   TabWindow.obj
 0001:00051c80       ??_GTabWindow@@UAEPAXI@Z   00452c80 f i TabWindow.obj
 0001:00051c80       ??_ETabWindow@@UAEPAXI@Z   00452c80 f i TabWindow.obj
 0001:00051cf0       ?DoDataExchange@TabWindow@@MAEXPAVCDataExchange@@@Z 00452cf0 f   TabWindow.obj
 0001:00051d40       ?_GetBaseMessageMap@TabWindow@@KGPBUAFX_MSGMAP@@XZ 00452d40 f   TabWindow.obj
 0001:00051d70       ?GetMessageMap@TabWindow@@MBEPBUAFX_MSGMAP@@XZ 00452d70 f   TabWindow.obj
 0001:00051db0       ?PreTranslateMessage@TabWindow@@UAEHPAUtagMSG@@@Z 00452db0 f   TabWindow.obj
 0001:00051e30       ?OnDestroy@TabWindow@@IAEXXZ 00452e30 f   TabWindow.obj
 0001:00052190       ?OnInitDialog@TabWindow@@MAEHXZ 00453190 f   TabWindow.obj
 0001:000528a0       ?SetWndRect@CSetupWin@@QAEXVCRect@@@Z 004538a0 f i TabWindow.obj
 0001:00052900       ?SetWindowRect@CEtcWindow@@QAEXVCRect@@@Z 00453900 f i TabWindow.obj
[...]
 0004:00001958       __imp_?AssertValid@CWinApp@@UBEXXZ 004d1958     mfc42d:MFC42D.DLL
 0004:0000195c       __imp_?Dump@CWinApp@@UBEXAAVCDumpContext@@@Z 004d195c     mfc42d:MFC42D.DLL
 0004:00001960       __imp_?OnCmdMsg@CCmdTarget@@UAEHIHPAXPAUAFX_CMDHANDLERINFO@@@Z 004d1960     mfc42d:MFC42D.DLL
 0004:00001964       __imp_?OnFinalRelease@CCmdTarget@@UAEXXZ 004d1964     mfc42d:MFC42D.DLL
 0004:00001968       __imp_?Run@CWinApp@@UAEHXZ 004d1968     mfc42d:MFC42D.DLL
 0004:0000196c       __imp_?PumpMessage@CWinThread@@UAEHXZ 004d196c     mfc42d:MFC42D.DLL
 0004:00001970       __imp_?OnIdle@CWinApp@@UAEHJ@Z 004d1970     mfc42d:MFC42D.DLL
 0004:00001974       __imp_?IsIdleMessage@CWinThread@@UAEHPAUtagMSG@@@Z 004d1974     mfc42d:MFC42D.DLL
 0004:00001978       __imp_?ExitInstance@CWinApp@@UAEHXZ 004d1978     mfc42d:MFC42D.DLL
 0004:0000197c       __imp_?ProcessWndProcException@CWinApp@@UAEJPAVCException@@PBUtagMSG@@@Z 004d197c     mfc42d:MFC42D.DLL
 0004:00001980       __imp_?ProcessMessageFilter@CWinThread@@UAEHHPAUtagMSG@@@Z 004d1980     mfc42d:MFC42D.DLL
 0004:00001984       __imp_?GetMainWnd@CWinThread@@UAEPAVCWnd@@XZ 004d1984     mfc42d:MFC42D.DLL
 0004:00001988       __imp_?Delete@CWinThread@@UAEXXZ 004d1988     mfc42d:MFC42D.DLL
 0004:0000198c       __imp_?OpenDocumentFile@CWinApp@@UAEPAVCDocument@@PBD@Z 004d198c     mfc42d:MFC42D.DLL
 0004:00001990       __imp_?AddToRecentFileList@CWinApp@@UAEXPBD@Z 004d1990     mfc42d:MFC42D.DLL
 0004:00001994       __imp_?InitApplication@CWinApp@@UAEHXZ 004d1994     mfc42d:MFC42D.DLL
 0004:00001998       __imp_?SaveAllModified@CWinApp@@UAEHXZ 004d1998     mfc42d:MFC42D.DLL
 0004:0000199c       __imp_?DoMessageBox@CWinApp@@UAEHPBDII@Z 004d199c     mfc42d:MFC42D.DLL
 0004:000019a0       __imp_?DoWaitCursor@CWinApp@@UAEXH@Z 004d19a0     mfc42d:MFC42D.DLL
 0004:000019a4       __imp_?OnDDECommand@CWinApp@@UAEHPAD@Z 004d19a4     mfc42d:MFC42D.DLL
 0004:000019a8       __imp_?WinHelpA@CWinApp@@UAEXKI@Z 004d19a8     mfc42d:MFC42D.DLL
 0004:000019ac       __imp_?messageMap@CWinApp@@1UAFX_MSGMAP@@B 004d19ac     mfc42d:MFC42D.DLL
 0004:000019b0       __imp_?OnFileNew@CWinApp@@IAEXXZ 004d19b0     mfc42d:MFC42D.DLL
 0004:000019b4       __imp_?OnFileOpen@CWinApp@@IAEXXZ 004d19b4     mfc42d:MFC42D.DLL
 0004:000019b8       __imp_?OnFilePrintSetup@CWinApp@@IAEXXZ 004d19b8     mfc42d:MFC42D.DLL
 0004:000019bc       __imp_?Invalidate@CWnd@@QAEXH@Z 004d19bc     mfc42d:MFC42D.DLL
 0004:000019c0       __imp_??0CPaintDC@@QAE@PAVCWnd@@@Z 004d19c0     mfc42d:MFC42D.DLL
 0004:000019c4       __imp_??1CPaintDC@@UAE@XZ  004d19c4     mfc42d:MFC42D.DLL
 0004:000019c8       __imp_??0CDC@@QAE@XZ       004d19c8     mfc42d:MFC42D.DLL
 0004:000019cc       __imp_?CreateCompatibleDC@CDC@@QAEHPAV1@@Z 004d19cc     mfc42d:MFC42D.DLL
 0004:000019d0       __imp_??BCDC@@QBEPAUHDC__@@XZ 004d19d0     mfc42d:MFC42D.DLL
 0004:000019d4       __imp_??1CDC@@UAE@XZ       004d19d4     mfc42d:MFC42D.DLL
 0004:000019d8       __imp_?GetSafeHdc@CDC@@QBEPAUHDC__@@XZ 004d19d8     mfc42d:MFC42D.DLL
 0004:000019dc       __imp_?BitBlt@CDC@@QAEHHHHHPAV1@HHK@Z 004d19dc     mfc42d:MFC42D.DLL
 0004:000019e0       __imp_?AfxGetInstanceHandle@@YGPAUHINSTANCE__@@XZ 004d19e0     mfc42d:MFC42D.DLL
 0004:000019e4       __imp_?OnInitDialog@CDialog@@UAEHXZ 004d19e4     mfc42d:MFC42D.DLL
 0004:000019e8       __imp_??2@YAPAXIPBDH@Z     004d19e8     mfc42d:MFC42D.DLL
 0004:000019ec       __imp_?SetWindowRgn@CWnd@@QAEHPAUHRGN__@@H@Z 004d19ec     mfc42d:MFC42D.DLL
 0004:000019f0       __imp_?GetDC@CWnd@@QAEPAVCDC@@XZ 004d19f0     mfc42d:MFC42D.DLL
 0004:000019f4       __imp_?ReleaseDC@CWnd@@QAEHPAVCDC@@@Z 004d19f4     mfc42d:MFC42D.DLL
 0004:000019f8       __imp_?MoveWindow@CWnd@@QAEXHHHHH@Z 004d19f8     mfc42d:MFC42D.DLL
 0004:000019fc       __imp_??2CObject@@SGPAXIPBDH@Z 004d19fc     mfc42d:MFC42D.DLL
 0004:00001a00       __imp_?SubclassDlgItem@CWnd@@QAEHIPAV1@@Z 004d1a00     mfc42d:MFC42D.DLL
 0004:00001a04       __imp_??0CString@@QAE@PBD@Z 004d1a04     mfc42d:MFC42D.DLL
 0004:00001a08       __imp_??3@YAXPAXPBDH@Z     004d1a08     mfc42d:MFC42D.DLL
 0004:00001a0c       __imp_??3CObject@@SGXPAXPBDH@Z 004d1a0c     mfc42d:MFC42D.DLL
 0004:00001a10       __imp_??3@YAXPAX@Z         004d1a10     mfc42d:MFC42D.DLL
 0004:00001a14       __imp_?OnDestroy@CWnd@@IAEXXZ 004d1a14     mfc42d:MFC42D.DLL
 0004:00001a18       __imp_?PreTranslateMessage@CDialog@@UAEHPAUtagMSG@@@Z 004d1a18     mfc42d:MFC42D.DLL
 0004:00001a1c       __imp_?messageMap@CDialog@@1UAFX_MSGMAP@@B 004d1a1c     mfc42d:MFC42D.DLL
 0004:00001a20       __imp_?DoDataExchange@CWnd@@MAEXPAVCDataExchange@@@Z 004d1a20     mfc42d:MFC42D.DLL
 0004:00001a24       __imp_??1CDialog@@UAE@XZ   004d1a24     mfc42d:MFC42D.DLL
 0004:00001a28       __imp_??3CObject@@SGXPAX@Z 004d1a28     mfc42d:MFC42D.DLL
 0004:00001a2c       __imp_??0CDialog@@QAE@IPAVCWnd@@@Z 004d1a2c     mfc42d:MFC42D.DLL
 0004:00001a30       __imp_?GetRuntimeClass@CDialog@@UBEPAUCRuntimeClass@@XZ 004d1a30     mfc42d:MFC42D.DLL
 0004:00001a34       __imp_?Serialize@CObject@@UAEXAAVCArchive@@@Z 004d1a34     mfc42d:MFC42D.DLL
 0004:00001a38       __imp_?AssertValid@CDialog@@UBEXXZ 004d1a38     mfc42d:MFC42D.DLL
 0004:00001a3c       __imp_?Dump@CDialog@@UBEXAAVCDumpContext@@@Z 004d1a3c     mfc42d:MFC42D.DLL
 0004:00001a40       __imp_?OnCmdMsg@CDialog@@UAEHIHPAXPAUAFX_CMDHANDLERINFO@@@Z 004d1a40     mfc42d:MFC42D.DLL
 0004:00001a44       __imp_?OnFinalRelease@CWnd@@UAEXXZ 004d1a44     mfc42d:MFC42D.DLL
 0004:00001a48       __imp_?IsInvokeAllowed@CCmdTarget@@UAEHJ@Z 004d1a48     mfc42d:MFC42D.DLL
 0004:00001a4c       __imp_?GetDispatchIID@CCmdTarget@@UAEHPAU_GUID@@@Z 004d1a4c     mfc42d:MFC42D.DLL
 0004:00001a50       __imp_?GetTypeInfoCount@CCmdTarget@@UAEIXZ 004d1a50     mfc42d:MFC42D.DLL
 0004:00001a54       __imp_?GetTypeLibCache@CCmdTarget@@UAEPAVCTypeLibCache@@XZ 004d1a54     mfc42d:MFC42D.DLL
 0004:00001a58       __imp_?GetTypeLib@CCmdTarget@@UAEJKPAPAUITypeLib@@@Z 004d1a58     mfc42d:MFC42D.DLL
 0004:00001a5c       __imp_?GetCommandMap@CCmdTarget@@MBEPBUAFX_OLECMDMAP@@XZ 004d1a5c     mfc42d:MFC42D.DLL
 0004:00001a60       __imp_?GetDispatchMap@CCmdTarget@@MBEPBUAFX_DISPMAP@@XZ 004d1a60     mfc42d:MFC42D.DLL
 0004:00001a64       __imp_?GetConnectionMap@CCmdTarget@@MBEPBUAFX_CONNECTIONMAP@@XZ 004d1a64     mfc42d:MFC42D.DLL
 0004:00001a68       __imp_?GetInterfaceMap@CCmdTarget@@MBEPBUAFX_INTERFACEMAP@@XZ 004d1a68     mfc42d:MFC42D.DLL
 0004:00001a6c       __imp_?GetEventSinkMap@CCmdTarget@@MBEPBUAFX_EVENTSINKMAP@@XZ 004d1a6c     mfc42d:MFC42D.DLL
 0004:00001a70       __imp_?OnCreateAggregates@CCmdTarget@@UAEHXZ 004d1a70     mfc42d:MFC42D.DLL
 0004:00001a74       __imp_?GetInterfaceHook@CCmdTarget@@UAEPAUIUnknown@@PBX@Z 004d1a74     mfc42d:MFC42D.DLL
 0004:00001a78       __imp_?GetExtraConnectionPoints@CCmdTarget@@MAEHPAVCPtrArray@@@Z 004d1a78     mfc42d:MFC42D.DLL
 0004:00001a7c       __imp_?GetConnectionHook@CCmdTarget@@MAEPAUIConnectionPoint@@ABU_GUID@@@Z 004d1a7c     mfc42d:MFC42D.DLL
 0004:00001a80       __imp_?PreSubclassWindow@CWnd@@UAEXXZ 004d1a80     mfc42d:MFC42D.DLL
 0004:00001a84       __imp_?Create@CWnd@@UAEHPBD0KABUtagRECT@@PAV1@IPAUCCreateContext@@@Z 004d1a84     mfc42d:MFC42D.DLL
 0004:00001a88       __imp_?DestroyWindow@CWnd@@UAEHXZ 004d1a88     mfc42d:MFC42D.DLL
 0004:00001a8c       __imp_?PreCreateWindow@CWnd@@UAEHAAUtagCREATESTRUCTA@@@Z 004d1a8c     mfc42d:MFC42D.DLL
 0004:00001a90       __imp_?CalcWindowRect@CWnd@@UAEXPAUtagRECT@@I@Z 004d1a90     mfc42d:MFC42D.DLL
 0004:00001a94       __imp_?OnToolHitTest@CWnd@@UBEHVCPoint@@PAUtagTOOLINFOA@@@Z 004d1a94     mfc42d:MFC42D.DLL
 0004:00001a98       __imp_?WinHelpA@CWnd@@UAEXKI@Z 004d1a98     mfc42d:MFC42D.DLL
 0004:00001a9c       __imp_?GetScrollBarCtrl@CWnd@@UBEPAVCScrollBar@@H@Z 004d1a9c     mfc42d:MFC42D.DLL
 0004:00001aa0       __imp_?ContinueModal@CWnd@@UAEHXZ 004d1aa0     mfc42d:MFC42D.DLL
 0004:00001aa4       __imp_?EndModalLoop@CWnd@@UAEXH@Z 004d1aa4     mfc42d:MFC42D.DLL
 0004:00001aa8       __imp_?OnCommand@CWnd@@MAEHIJ@Z 004d1aa8     mfc42d:MFC42D.DLL
 0004:00001aac       __imp_?OnNotify@CWnd@@MAEHIJPAJ@Z 004d1aac     mfc42d:MFC42D.DLL
 0004:00001ab0       __imp_?GetSuperWndProcAddr@CWnd@@MAEPAP6GJPAUHWND__@@IIJ@ZXZ 004d1ab0     mfc42d:MFC42D.DLL
 0004:00001ab4       __imp_?BeginModalState@CWnd@@UAEXXZ 004d1ab4     mfc42d:MFC42D.DLL
 0004:00001ab8       __imp_?EndModalState@CWnd@@UAEXXZ 004d1ab8     mfc42d:MFC42D.DLL
 0004:00001abc       __imp_?OnAmbientProperty@CWnd@@UAEHPAVCOleControlSite@@JPAUtagVARIANT@@@Z 004d1abc     mfc42d:MFC42D.DLL
 0004:00001ac0       __imp_?WindowProc@CWnd@@MAEJIIJ@Z 004d1ac0     mfc42d:MFC42D.DLL
 0004:00001ac4       __imp_?OnWndMsg@CWnd@@MAEHIIJPAJ@Z 004d1ac4     mfc42d:MFC42D.DLL
 0004:00001ac8       __imp_?DefWindowProcA@CWnd@@MAEJIIJ@Z 004d1ac8     mfc42d:MFC42D.DLL
 0004:00001acc       __imp_?PostNcDestroy@CWnd@@MAEXXZ 004d1acc     mfc42d:MFC42D.DLL
 0004:00001ad0       __imp_?OnChildNotify@CWnd@@MAEHIIJPAJ@Z 004d1ad0     mfc42d:MFC42D.DLL
 0004:00001ad4       __imp_?CheckAutoCenter@CDialog@@UAEHXZ 004d1ad4     mfc42d:MFC42D.DLL
 0004:00001ad8       __imp_?IsFrameWnd@CWnd@@UBEHXZ 004d1ad8     mfc42d:MFC42D.DLL
 0004:00001adc       __imp_?SetOccDialogInfo@CDialog@@MAEHPAU_AFX_OCC_DIALOG_INFO@@@Z 004d1adc     mfc42d:MFC42D.DLL
 0004:00001ae0       __imp_?DoModal@CDialog@@UAEHXZ 004d1ae0     mfc42d:MFC42D.DLL
 0004:00001ae4       __imp_?OnSetFont@CDialog@@UAEXPAVCFont@@@Z 004d1ae4     mfc42d:MFC42D.DLL
 0004:00001ae8       __imp_?OnOK@CDialog@@MAEXXZ 004d1ae8     mfc42d:MFC42D.DLL
 0004:00001aec       __imp_?OnCancel@CDialog@@MAEXXZ 004d1aec     mfc42d:MFC42D.DLL
 0004:00001af0       __imp_?Ellipse@CDC@@QAEHPBUtagRECT@@@Z 004d1af0     mfc42d:MFC42D.DLL
 0004:00001af4       __imp_?PreInitDialog@CDialog@@MAEXXZ 004d1af4     mfc42d:MFC42D.DLL
 0004:00001af8       __imp_?AfxGetModuleState@@YGPAVAFX_MODULE_STATE@@XZ 004d1af8     mfc42d:MFC42D.DLL
 0004:00001afc       \177MFC42D_NULL_THUNK_DATA 004d1afc     mfc42d:MFC42D.DLL
 0004:00001c94       __imp_?AfxEnableControlContainer@@YAXPAVCOccManager@@@Z 004d1c94     mfco42d:MFCO42D.DLL
 0004:00001c98       \177MFCO42D_NULL_THUNK_DATA 004d1c98     mfco42d:MFCO42D.DLL
 0004:00001cc4       __imp____CxxFrameHandler   004d1cc4     msvcrtd:MSVCRTD.dll
 0004:00001cc8       __imp__strcpy              004d1cc8     msvcrtd:MSVCRTD.dll
 0004:00001ccc       __imp__memcpy              004d1ccc     msvcrtd:MSVCRTD.dll
 0004:00001cd0       __imp__sprintf             004d1cd0     msvcrtd:MSVCRTD.dll
 0004:00001cd4       __imp___setmbcp            004d1cd4     msvcrtd:MSVCRTD.dll
 0004:00001cd8       __imp__fclose              004d1cd8     msvcrtd:MSVCRTD.dll
 0004:00001cdc       __imp__fopen               004d1cdc     msvcrtd:MSVCRTD.dll
 0004:00001ce0       __imp___ftol               004d1ce0     msvcrtd:MSVCRTD.dll
 0004:00001ce4       __imp__memset              004d1ce4     msvcrtd:MSVCRTD.dll
 0004:00001ce8       __imp__strlen              004d1ce8     msvcrtd:MSVCRTD.dll
 0004:00001cec       __imp___chkesp             004d1cec     msvcrtd:MSVCRTD.dll
 0004:00001cf0       __imp__fprintf             004d1cf0     msvcrtd:MSVCRTD.dll
 0004:00001cf4       __imp__strcmp              004d1cf4     msvcrtd:MSVCRTD.dll
 0004:00001cf8       __imp__memmove             004d1cf8     msvcrtd:MSVCRTD.dll
 0004:00001cfc       __imp__exp                 004d1cfc     msvcrtd:MSVCRTD.dll
 0004:00001d00       __imp__sqrt                004d1d00     msvcrtd:MSVCRTD.dll
 0004:00001d04       __imp__log                 004d1d04     msvcrtd:MSVCRTD.dll
 0004:00001d08       __imp__fabs                004d1d08     msvcrtd:MSVCRTD.dll
 0004:00001d0c       __imp___controlfp          004d1d0c     msvcrtd:MSVCRTD.dll
 0004:00001d10       __imp_??1type_info@@UAE@XZ 004d1d10     msvcrtd:MSVCRTD.dll
 0004:00001d14       __imp____set_app_type      004d1d14     msvcrtd:MSVCRTD.dll
 0004:00001d18       __imp____p__fmode          004d1d18     msvcrtd:MSVCRTD.dll
 0004:00001d1c       __imp____p__commode        004d1d1c     msvcrtd:MSVCRTD.dll
 0004:00001d20       __imp___adjust_fdiv        004d1d20     msvcrtd:MSVCRTD.dll
 0004:00001d24       __imp____setusermatherr    004d1d24     msvcrtd:MSVCRTD.dll
 0004:00001d28       __imp___initterm           004d1d28     msvcrtd:MSVCRTD.dll
 0004:00001d2c       __imp____getmainargs       004d1d2c     msvcrtd:MSVCRTD.dll
 0004:00001d30       __imp___acmdln             004d1d30     msvcrtd:MSVCRTD.dll
 0004:00001d34       __imp__exit                004d1d34     msvcrtd:MSVCRTD.dll
 0004:00001d38       __imp___XcptFilter         004d1d38     msvcrtd:MSVCRTD.dll
 0004:00001d3c       __imp___exit               004d1d3c     msvcrtd:MSVCRTD.dll
 0004:00001d40       __imp__atan                004d1d40     msvcrtd:MSVCRTD.dll
 0004:00001d44       __imp__abs                 004d1d44     msvcrtd:MSVCRTD.dll
 0004:00001d48       __imp__fwrite              004d1d48     msvcrtd:MSVCRTD.dll
 0004:00001d4c       __imp__fread               004d1d4c     msvcrtd:MSVCRTD.dll
 0004:00001d50       __imp__atof                004d1d50     msvcrtd:MSVCRTD.dll
 0004:00001d54       __imp__atoi                004d1d54     msvcrtd:MSVCRTD.dll
 0004:00001d58       __imp__fscanf              004d1d58     msvcrtd:MSVCRTD.dll
 0004:00001d5c       __imp___splitpath          004d1d5c     msvcrtd:MSVCRTD.dll
 0004:00001d60       __imp__sscanf              004d1d60     msvcrtd:MSVCRTD.dll
 0004:00001d64       __imp___purecall           004d1d64     msvcrtd:MSVCRTD.dll
 0004:00001d68       __imp__fseek               004d1d68     msvcrtd:MSVCRTD.dll
 0004:00001d6c       __imp__ftell               004d1d6c     msvcrtd:MSVCRTD.dll
 0004:00001d70       __imp__fflush              004d1d70     msvcrtd:MSVCRTD.dll
 0004:00001d74       __imp__fputc               004d1d74     msvcrtd:MSVCRTD.dll
 0004:00001d78       __imp__getc                004d1d78     msvcrtd:MSVCRTD.dll
 0004:00001d7c       __imp____dllonexit         004d1d7c     msvcrtd:MSVCRTD.dll
 0004:00001d80       __imp___onexit             004d1d80     msvcrtd:MSVCRTD.dll
 0004:00001d84       __imp___except_handler3    004d1d84     msvcrtd:MSVCRTD.dll
 0004:00001d88       __imp_?terminate@@YAXXZ    004d1d88     msvcrtd:MSVCRTD.dll
 0004:00001d8c       \177MSVCRTD_NULL_THUNK_DATA 004d1d8c     msvcrtd:MSVCRTD.dll
 0004:00001de0       __imp__glNewList@8         004d1de0     opengl:OPENGL.dll
 0004:00001de4       __imp__glMaterialf@12      004d1de4     opengl:OPENGL.dll
 0004:00001de8       __imp__glMaterialfv@12     004d1de8     opengl:OPENGL.dll
 0004:00001dec       __imp__glLightfv@12        004d1dec     opengl:OPENGL.dll
 0004:00001df0       __imp__glLightModeli@8     004d1df0     opengl:OPENGL.dll
 0004:00001df4       __imp__glViewport@16       004d1df4     opengl:OPENGL.dll
 0004:00001df8       __imp__glPolygonMode@8     004d1df8     opengl:OPENGL.dll
 0004:00001dfc       __imp__glBegin@4           004d1dfc     opengl:OPENGL.dll
 0004:00001e00       __imp__glNormal3f@12       004d1e00     opengl:OPENGL.dll
 0004:00001e04       __imp__glColor3f@12        004d1e04     opengl:OPENGL.dll
 0004:00001e08       __imp__glVertex3f@12       004d1e08     opengl:OPENGL.dll
 0004:00001e0c       __imp__glEnd@0             004d1e0c     opengl:OPENGL.dll
 0004:00001e10       __imp__glEndList@0         004d1e10     opengl:OPENGL.dll
 0004:00001e14       __imp__glClearColor@16     004d1e14     opengl:OPENGL.dll
 0004:00001e18       __imp__glClear@4           004d1e18     opengl:OPENGL.dll
 0004:00001e1c       __imp__glMatrixMode@4      004d1e1c     opengl:OPENGL.dll
 0004:00001e20       __imp__glLoadIdentity@0    004d1e20     opengl:OPENGL.dll
 0004:00001e24       __imp__glTranslatef@12     004d1e24     opengl:OPENGL.dll
 0004:00001e28       __imp__glRotatef@16        004d1e28     opengl:OPENGL.dll
 0004:00001e2c       __imp__glCallList@4        004d1e2c     opengl:OPENGL.dll
 0004:00001e30       __imp__wglCreateContext@4  004d1e30     opengl:OPENGL.dll
 0004:00001e34       __imp__wglMakeCurrent@8    004d1e34     opengl:OPENGL.dll
 0004:00001e38       __imp__glEnable@4          004d1e38     opengl:OPENGL.dll
 0004:00001e3c       __imp__glShadeModel@4      004d1e3c     opengl:OPENGL.dll
 0004:00001e40       __imp__glDisable@4         004d1e40     opengl:OPENGL.dll
 0004:00001e44       \177OPENGL_NULL_THUNK_DATA 004d1e44     opengl:OPENGL.dll
 0004:00001e84       __imp__ShellExecuteA@24    004d1e84     shell32:SHELL32.dll
 0004:00001e88       \177SHELL32_NULL_THUNK_DATA 004d1e88     shell32:SHELL32.dll
 0004:00001eb4       __imp__GetNextDlgGroupItem@12 004d1eb4     user32:USER32.dll
 0004:00001eb8       __imp__PostMessageA@16     004d1eb8     user32:USER32.dll
 0004:00001ebc       __imp__ReleaseCapture@0    004d1ebc     user32:USER32.dll
 0004:00001ec0       __imp__ClientToScreen@8    004d1ec0     user32:USER32.dll
 0004:00001ec4       __imp__GetCapture@0        004d1ec4     user32:USER32.dll
 0004:00001ec8       __imp__GetDC@4             004d1ec8     user32:USER32.dll
 0004:00001ecc       __imp__SetCursor@4         004d1ecc     user32:USER32.dll
 0004:00001ed0       __imp__GetCursorPos@4      004d1ed0     user32:USER32.dll
 0004:00001ed4       __imp__WindowFromPoint@8   004d1ed4     user32:USER32.dll
 0004:00001ed8       __imp__OffsetRect@12       004d1ed8     user32:USER32.dll
 0004:00001edc       __imp__DrawFocusRect@8     004d1edc     user32:USER32.dll
 0004:00001ee0       __imp__GetSysColor@4       004d1ee0     user32:USER32.dll
 0004:00001ee4       __imp__SendMessageA@16     004d1ee4     user32:USER32.dll
 0004:00001ee8       __imp__SetRect@20          004d1ee8     user32:USER32.dll
 0004:00001eec       __imp__LoadImageA@24       004d1eec     user32:USER32.dll
 0004:00001ef0       __imp__LoadCursorA@8       004d1ef0     user32:USER32.dll
 0004:00001ef4       \177USER32_NULL_THUNK_DATA 004d1ef4     user32:USER32.dll
 0004:00001f2c       __imp_?CreateFromArray@CxImage@@QAE_NPAEKKKK_N@Z 004d1f2c     cximage:cximage.dll
 0004:00001f30       __imp_?SetPixelColor@CxImage@@QAEXJJK@Z 004d1f30     cximage:cximage.dll
 0004:00001f34       __imp_??0CxImage@@QAE@KKKK@Z 004d1f34     cximage:cximage.dll
 0004:00001f38       __imp_?Save@CxImage@@QAE_NPBDK@Z 004d1f38     cximage:cximage.dll
 0004:00001f3c       __imp_??0CxImage@@QAE@PBDK@Z 004d1f3c     cximage:cximage.dll
 0004:00001f40       __imp_?GetBpp@CxImage@@QBEGXZ 004d1f40     cximage:cximage.dll
 0004:00001f44       __imp_?GetBits@CxImage@@QAEPAEK@Z 004d1f44     cximage:cximage.dll
 0004:00001f48       __imp_??0CxImage@@QAE@ABV0@_N11@Z 004d1f48     cximage:cximage.dll
 0004:00001f4c       __imp_??0CxImage@@QAE@K@Z  004d1f4c     cximage:cximage.dll
 0004:00001f50       __imp_?Destroy@CxImage@@QAE_NXZ 004d1f50     cximage:cximage.dll
 0004:00001f54       __imp_??1CxMemFile@@UAE@XZ 004d1f54     cximage:cximage.dll
 0004:00001f58       __imp_??0CxMemFile@@QAE@PAEK@Z 004d1f58     cximage:cximage.dll
 0004:00001f5c       __imp_?Close@CxMemFile@@UAE_NXZ 004d1f5c     cximage:cximage.dll
 0004:00001f60       __imp_?Write@CxMemFile@@UAEIPBXII@Z 004d1f60     cximage:cximage.dll
 0004:00001f64       __imp_?Seek@CxMemFile@@UAE_NJH@Z 004d1f64     cximage:cximage.dll
 0004:00001f68       __imp_?Tell@CxMemFile@@UAEJXZ 004d1f68     cximage:cximage.dll
 0004:00001f6c       __imp_?Size@CxMemFile@@UAEJXZ 004d1f6c     cximage:cximage.dll
 0004:00001f70       __imp_?Flush@CxMemFile@@UAE_NXZ 004d1f70     cximage:cximage.dll
 0004:00001f74       __imp_?Eof@CxMemFile@@UAE_NXZ 004d1f74     cximage:cximage.dll
 0004:00001f78       __imp_?Error@CxMemFile@@UAEJXZ 004d1f78     cximage:cximage.dll
 0004:00001f7c       __imp_?PutC@CxMemFile@@UAE_NE@Z 004d1f7c     cximage:cximage.dll
 0004:00001f80       __imp_?GetC@CxMemFile@@UAEJXZ 004d1f80     cximage:cximage.dll
 0004:00001f84       __imp_?Read@CxMemFile@@UAEIPAXII@Z 004d1f84     cximage:cximage.dll
 0004:00001f88       \177cximage_NULL_THUNK_DATA 004d1f88     cximage:cximage.dll

 entry point at        0001:000740d0

